Archive member included to satisfy reference by file (symbol)

c:/direct/st/stm32cubeide_1.9.0/stm32cubeide/plugins/com.st.stm32cube.ide.mcu.externaltools.gnu-tools-for-stm32.10.3-2021.10.win32_1.0.0.202111181127/tools/bin/../lib/gcc/arm-none-eabi/10.3.1/../../../../arm-none-eabi/lib/thumb/v7-m/nofp\libc_nano.a(lib_a-errno.o)
                              ./Core/Src/syscalls.o (__errno)
c:/direct/st/stm32cubeide_1.9.0/stm32cubeide/plugins/com.st.stm32cube.ide.mcu.externaltools.gnu-tools-for-stm32.10.3-2021.10.win32_1.0.0.202111181127/tools/bin/../lib/gcc/arm-none-eabi/10.3.1/../../../../arm-none-eabi/lib/thumb/v7-m/nofp\libc_nano.a(lib_a-exit.o)
                              c:/direct/st/stm32cubeide_1.9.0/stm32cubeide/plugins/com.st.stm32cube.ide.mcu.externaltools.gnu-tools-for-stm32.10.3-2021.10.win32_1.0.0.202111181127/tools/bin/../lib/gcc/arm-none-eabi/10.3.1/../../../../arm-none-eabi/lib/thumb/v7-m/nofp/crt0.o (exit)
c:/direct/st/stm32cubeide_1.9.0/stm32cubeide/plugins/com.st.stm32cube.ide.mcu.externaltools.gnu-tools-for-stm32.10.3-2021.10.win32_1.0.0.202111181127/tools/bin/../lib/gcc/arm-none-eabi/10.3.1/../../../../arm-none-eabi/lib/thumb/v7-m/nofp\libc_nano.a(lib_a-impure.o)
                              c:/direct/st/stm32cubeide_1.9.0/stm32cubeide/plugins/com.st.stm32cube.ide.mcu.externaltools.gnu-tools-for-stm32.10.3-2021.10.win32_1.0.0.202111181127/tools/bin/../lib/gcc/arm-none-eabi/10.3.1/../../../../arm-none-eabi/lib/thumb/v7-m/nofp\libc_nano.a(lib_a-exit.o) (_global_impure_ptr)
c:/direct/st/stm32cubeide_1.9.0/stm32cubeide/plugins/com.st.stm32cube.ide.mcu.externaltools.gnu-tools-for-stm32.10.3-2021.10.win32_1.0.0.202111181127/tools/bin/../lib/gcc/arm-none-eabi/10.3.1/../../../../arm-none-eabi/lib/thumb/v7-m/nofp\libc_nano.a(lib_a-init.o)
                              c:/direct/st/stm32cubeide_1.9.0/stm32cubeide/plugins/com.st.stm32cube.ide.mcu.externaltools.gnu-tools-for-stm32.10.3-2021.10.win32_1.0.0.202111181127/tools/bin/../lib/gcc/arm-none-eabi/10.3.1/../../../../arm-none-eabi/lib/thumb/v7-m/nofp/crt0.o (__libc_init_array)
c:/direct/st/stm32cubeide_1.9.0/stm32cubeide/plugins/com.st.stm32cube.ide.mcu.externaltools.gnu-tools-for-stm32.10.3-2021.10.win32_1.0.0.202111181127/tools/bin/../lib/gcc/arm-none-eabi/10.3.1/../../../../arm-none-eabi/lib/thumb/v7-m/nofp\libc_nano.a(lib_a-memset.o)
                              c:/direct/st/stm32cubeide_1.9.0/stm32cubeide/plugins/com.st.stm32cube.ide.mcu.externaltools.gnu-tools-for-stm32.10.3-2021.10.win32_1.0.0.202111181127/tools/bin/../lib/gcc/arm-none-eabi/10.3.1/../../../../arm-none-eabi/lib/thumb/v7-m/nofp/crt0.o (memset)
c:/direct/st/stm32cubeide_1.9.0/stm32cubeide/plugins/com.st.stm32cube.ide.mcu.externaltools.gnu-tools-for-stm32.10.3-2021.10.win32_1.0.0.202111181127/tools/bin/../lib/gcc/arm-none-eabi/10.3.1/thumb/v7-m/nofp\libgcc.a(_arm_addsubsf3.o)
                              ./Core/Src/App/resistors.o (__aeabi_ui2f)
c:/direct/st/stm32cubeide_1.9.0/stm32cubeide/plugins/com.st.stm32cube.ide.mcu.externaltools.gnu-tools-for-stm32.10.3-2021.10.win32_1.0.0.202111181127/tools/bin/../lib/gcc/arm-none-eabi/10.3.1/thumb/v7-m/nofp\libgcc.a(_arm_muldivsf3.o)
                              ./Core/Src/App/resistors.o (__aeabi_fdiv)
c:/direct/st/stm32cubeide_1.9.0/stm32cubeide/plugins/com.st.stm32cube.ide.mcu.externaltools.gnu-tools-for-stm32.10.3-2021.10.win32_1.0.0.202111181127/tools/bin/../lib/gcc/arm-none-eabi/10.3.1/thumb/v7-m/nofp\libgcc.a(_arm_fixsfsi.o)
                              ./Core/Src/App/resistors.o (__aeabi_f2iz)
c:/direct/st/stm32cubeide_1.9.0/stm32cubeide/plugins/com.st.stm32cube.ide.mcu.externaltools.gnu-tools-for-stm32.10.3-2021.10.win32_1.0.0.202111181127/tools/bin/../lib/gcc/arm-none-eabi/10.3.1/thumb/v7-m/nofp\libgcc.a(_aeabi_uldivmod.o)
                              ./Core/Src/App/resistors.o (__aeabi_uldivmod)
c:/direct/st/stm32cubeide_1.9.0/stm32cubeide/plugins/com.st.stm32cube.ide.mcu.externaltools.gnu-tools-for-stm32.10.3-2021.10.win32_1.0.0.202111181127/tools/bin/../lib/gcc/arm-none-eabi/10.3.1/thumb/v7-m/nofp\libgcc.a(_udivmoddi4.o)
                              c:/direct/st/stm32cubeide_1.9.0/stm32cubeide/plugins/com.st.stm32cube.ide.mcu.externaltools.gnu-tools-for-stm32.10.3-2021.10.win32_1.0.0.202111181127/tools/bin/../lib/gcc/arm-none-eabi/10.3.1/thumb/v7-m/nofp\libgcc.a(_aeabi_uldivmod.o) (__udivmoddi4)
c:/direct/st/stm32cubeide_1.9.0/stm32cubeide/plugins/com.st.stm32cube.ide.mcu.externaltools.gnu-tools-for-stm32.10.3-2021.10.win32_1.0.0.202111181127/tools/bin/../lib/gcc/arm-none-eabi/10.3.1/thumb/v7-m/nofp\libgcc.a(_dvmd_tls.o)
                              c:/direct/st/stm32cubeide_1.9.0/stm32cubeide/plugins/com.st.stm32cube.ide.mcu.externaltools.gnu-tools-for-stm32.10.3-2021.10.win32_1.0.0.202111181127/tools/bin/../lib/gcc/arm-none-eabi/10.3.1/thumb/v7-m/nofp\libgcc.a(_aeabi_uldivmod.o) (__aeabi_ldiv0)

Discarded input sections

[...]
Memory Configuration

Name             Origin             Length             Attributes
RAM              0x0000000020000000 0x0000000000005000 xrw
FLASH            0x0000000008000000 0x0000000000010000 xr
*default*        0x0000000000000000 0xffffffffffffffff

Linker script and memory map

LOAD c:/direct/st/stm32cubeide_1.9.0/stm32cubeide/plugins/com.st.stm32cube.ide.mcu.externaltools.gnu-tools-for-stm32.10.3-2021.10.win32_1.0.0.202111181127/tools/bin/../lib/gcc/arm-none-eabi/10.3.1/thumb/v7-m/nofp/crti.o
LOAD c:/direct/st/stm32cubeide_1.9.0/stm32cubeide/plugins/com.st.stm32cube.ide.mcu.externaltools.gnu-tools-for-stm32.10.3-2021.10.win32_1.0.0.202111181127/tools/bin/../lib/gcc/arm-none-eabi/10.3.1/thumb/v7-m/nofp/crtbegin.o
LOAD c:/direct/st/stm32cubeide_1.9.0/stm32cubeide/plugins/com.st.stm32cube.ide.mcu.externaltools.gnu-tools-for-stm32.10.3-2021.10.win32_1.0.0.202111181127/tools/bin/../lib/gcc/arm-none-eabi/10.3.1/../../../../arm-none-eabi/lib/thumb/v7-m/nofp/crt0.o
LOAD ./Core/Src/App/app.o
LOAD ./Core/Src/App/backlight.o
LOAD ./Core/Src/App/buttons.o
LOAD ./Core/Src/App/interrupts.o
LOAD ./Core/Src/App/resistors.o
LOAD ./Core/Src/App/usb.o
LOAD ./Core/Src/main.o
LOAD ./Core/Src/stm32f1xx_hal_msp.o
LOAD ./Core/Src/stm32f1xx_it.o
LOAD ./Core/Src/syscalls.o
LOAD ./Core/Src/sysmem.o
LOAD ./Core/Src/system_stm32f1xx.o
LOAD ./Core/Startup/startup_stm32f103c8tx.o
LOAD ./Drivers/STM32F1xx_HAL_Driver/Src/stm32f1xx_hal.o
LOAD ./Drivers/STM32F1xx_HAL_Driver/Src/stm32f1xx_hal_adc.o
LOAD ./Drivers/STM32F1xx_HAL_Driver/Src/stm32f1xx_hal_adc_ex.o
LOAD ./Drivers/STM32F1xx_HAL_Driver/Src/stm32f1xx_hal_cortex.o
LOAD ./Drivers/STM32F1xx_HAL_Driver/Src/stm32f1xx_hal_dma.o
LOAD ./Drivers/STM32F1xx_HAL_Driver/Src/stm32f1xx_hal_exti.o
LOAD ./Drivers/STM32F1xx_HAL_Driver/Src/stm32f1xx_hal_flash.o
LOAD ./Drivers/STM32F1xx_HAL_Driver/Src/stm32f1xx_hal_flash_ex.o
LOAD ./Drivers/STM32F1xx_HAL_Driver/Src/stm32f1xx_hal_gpio.o
LOAD ./Drivers/STM32F1xx_HAL_Driver/Src/stm32f1xx_hal_gpio_ex.o
LOAD ./Drivers/STM32F1xx_HAL_Driver/Src/stm32f1xx_hal_pcd.o
LOAD ./Drivers/STM32F1xx_HAL_Driver/Src/stm32f1xx_hal_pcd_ex.o
LOAD ./Drivers/STM32F1xx_HAL_Driver/Src/stm32f1xx_hal_pwr.o
LOAD ./Drivers/STM32F1xx_HAL_Driver/Src/stm32f1xx_hal_rcc.o
LOAD ./Drivers/STM32F1xx_HAL_Driver/Src/stm32f1xx_hal_rcc_ex.o
LOAD ./Drivers/STM32F1xx_HAL_Driver/Src/stm32f1xx_hal_tim.o
LOAD ./Drivers/STM32F1xx_HAL_Driver/Src/stm32f1xx_hal_tim_ex.o
LOAD ./Drivers/STM32F1xx_HAL_Driver/Src/stm32f1xx_ll_usb.o
LOAD ./Middlewares/ST/STM32_USB_Device_Library/Class/CustomHID/Src/usbd_customhid.o
LOAD ./Middlewares/ST/STM32_USB_Device_Library/Core/Src/usbd_core.o
LOAD ./Middlewares/ST/STM32_USB_Device_Library/Core/Src/usbd_ctlreq.o
LOAD ./Middlewares/ST/STM32_USB_Device_Library/Core/Src/usbd_ioreq.o
LOAD ./USB_DEVICE/App/usb_device.o
LOAD ./USB_DEVICE/App/usbd_custom_hid_if.o
LOAD ./USB_DEVICE/App/usbd_desc.o
LOAD ./USB_DEVICE/Target/usbd_conf.o
START GROUP
LOAD c:/direct/st/stm32cubeide_1.9.0/stm32cubeide/plugins/com.st.stm32cube.ide.mcu.externaltools.gnu-tools-for-stm32.10.3-2021.10.win32_1.0.0.202111181127/tools/bin/../lib/gcc/arm-none-eabi/10.3.1/../../../../arm-none-eabi/lib/thumb/v7-m/nofp\libc_nano.a
LOAD c:/direct/st/stm32cubeide_1.9.0/stm32cubeide/plugins/com.st.stm32cube.ide.mcu.externaltools.gnu-tools-for-stm32.10.3-2021.10.win32_1.0.0.202111181127/tools/bin/../lib/gcc/arm-none-eabi/10.3.1/../../../../arm-none-eabi/lib/thumb/v7-m/nofp\libm.a
END GROUP
START GROUP
LOAD c:/direct/st/stm32cubeide_1.9.0/stm32cubeide/plugins/com.st.stm32cube.ide.mcu.externaltools.gnu-tools-for-stm32.10.3-2021.10.win32_1.0.0.202111181127/tools/bin/../lib/gcc/arm-none-eabi/10.3.1/thumb/v7-m/nofp\libgcc.a
LOAD c:/direct/st/stm32cubeide_1.9.0/stm32cubeide/plugins/com.st.stm32cube.ide.mcu.externaltools.gnu-tools-for-stm32.10.3-2021.10.win32_1.0.0.202111181127/tools/bin/../lib/gcc/arm-none-eabi/10.3.1/../../../../arm-none-eabi/lib/thumb/v7-m/nofp\libc_nano.a
END GROUP
START GROUP
LOAD c:/direct/st/stm32cubeide_1.9.0/stm32cubeide/plugins/com.st.stm32cube.ide.mcu.externaltools.gnu-tools-for-stm32.10.3-2021.10.win32_1.0.0.202111181127/tools/bin/../lib/gcc/arm-none-eabi/10.3.1/thumb/v7-m/nofp\libgcc.a
LOAD c:/direct/st/stm32cubeide_1.9.0/stm32cubeide/plugins/com.st.stm32cube.ide.mcu.externaltools.gnu-tools-for-stm32.10.3-2021.10.win32_1.0.0.202111181127/tools/bin/../lib/gcc/arm-none-eabi/10.3.1/../../../../arm-none-eabi/lib/thumb/v7-m/nofp\libc_nano.a
LOAD c:/direct/st/stm32cubeide_1.9.0/stm32cubeide/plugins/com.st.stm32cube.ide.mcu.externaltools.gnu-tools-for-stm32.10.3-2021.10.win32_1.0.0.202111181127/tools/bin/../lib/gcc/arm-none-eabi/10.3.1/../../../../arm-none-eabi/lib/thumb/v7-m/nofp\libnosys.a
END GROUP
START GROUP
LOAD c:/direct/st/stm32cubeide_1.9.0/stm32cubeide/plugins/com.st.stm32cube.ide.mcu.externaltools.gnu-tools-for-stm32.10.3-2021.10.win32_1.0.0.202111181127/tools/bin/../lib/gcc/arm-none-eabi/10.3.1/thumb/v7-m/nofp\libgcc.a
LOAD c:/direct/st/stm32cubeide_1.9.0/stm32cubeide/plugins/com.st.stm32cube.ide.mcu.externaltools.gnu-tools-for-stm32.10.3-2021.10.win32_1.0.0.202111181127/tools/bin/../lib/gcc/arm-none-eabi/10.3.1/../../../../arm-none-eabi/lib/thumb/v7-m/nofp\libc_nano.a
LOAD c:/direct/st/stm32cubeide_1.9.0/stm32cubeide/plugins/com.st.stm32cube.ide.mcu.externaltools.gnu-tools-for-stm32.10.3-2021.10.win32_1.0.0.202111181127/tools/bin/../lib/gcc/arm-none-eabi/10.3.1/../../../../arm-none-eabi/lib/thumb/v7-m/nofp\libnosys.a
END GROUP
LOAD c:/direct/st/stm32cubeide_1.9.0/stm32cubeide/plugins/com.st.stm32cube.ide.mcu.externaltools.gnu-tools-for-stm32.10.3-2021.10.win32_1.0.0.202111181127/tools/bin/../lib/gcc/arm-none-eabi/10.3.1/thumb/v7-m/nofp/crtend.o
LOAD c:/direct/st/stm32cubeide_1.9.0/stm32cubeide/plugins/com.st.stm32cube.ide.mcu.externaltools.gnu-tools-for-stm32.10.3-2021.10.win32_1.0.0.202111181127/tools/bin/../lib/gcc/arm-none-eabi/10.3.1/thumb/v7-m/nofp/crtn.o
                0x0000000020005000                _estack = (ORIGIN (RAM) + LENGTH (RAM))
                0x0000000000000200                _Min_Heap_Size = 0x200
                0x0000000000000400                _Min_Stack_Size = 0x400

.isr_vector     0x0000000008000000      0x10c
                0x0000000008000000                . = ALIGN (0x4)
 *(.isr_vector)
 .isr_vector    0x0000000008000000      0x10c ./Core/Startup/startup_stm32f103c8tx.o
                0x0000000008000000                g_pfnVectors
                0x000000000800010c                . = ALIGN (0x4)

.text           0x000000000800010c     0xa4a4
                0x000000000800010c                . = ALIGN (0x4)
 *(.text)
 .text          0x000000000800010c       0x40 c:/direct/st/stm32cubeide_1.9.0/stm32cubeide/plugins/com.st.stm32cube.ide.mcu.externaltools.gnu-tools-for-stm32.10.3-2021.10.win32_1.0.0.202111181127/tools/bin/../lib/gcc/arm-none-eabi/10.3.1/thumb/v7-m/nofp/crtbegin.o
 .text          0x000000000800014c      0x21c c:/direct/st/stm32cubeide_1.9.0/stm32cubeide/plugins/com.st.stm32cube.ide.mcu.externaltools.gnu-tools-for-stm32.10.3-2021.10.win32_1.0.0.202111181127/tools/bin/../lib/gcc/arm-none-eabi/10.3.1/thumb/v7-m/nofp\libgcc.a(_arm_addsubsf3.o)
                0x000000000800014c                __aeabi_frsub
                0x0000000008000154                __subsf3
                0x0000000008000154                __aeabi_fsub
                0x0000000008000158                __aeabi_fadd
                0x0000000008000158                __addsf3
                0x00000000080002b8                __aeabi_ui2f
                0x00000000080002b8                __floatunsisf
                0x00000000080002c0                __aeabi_i2f
                0x00000000080002c0                __floatsisf
                0x00000000080002dc                __aeabi_ul2f
                0x00000000080002dc                __floatundisf
                0x00000000080002ec                __aeabi_l2f
                0x00000000080002ec                __floatdisf
 .text          0x0000000008000368      0x2a0 c:/direct/st/stm32cubeide_1.9.0/stm32cubeide/plugins/com.st.stm32cube.ide.mcu.externaltools.gnu-tools-for-stm32.10.3-2021.10.win32_1.0.0.202111181127/tools/bin/../lib/gcc/arm-none-eabi/10.3.1/thumb/v7-m/nofp\libgcc.a(_arm_muldivsf3.o)
                0x0000000008000368                __mulsf3
                0x0000000008000368                __aeabi_fmul
                0x00000000080004d0                __aeabi_fdiv
                0x00000000080004d0                __divsf3
 .text          0x0000000008000608       0x4c c:/direct/st/stm32cubeide_1.9.0/stm32cubeide/plugins/com.st.stm32cube.ide.mcu.externaltools.gnu-tools-for-stm32.10.3-2021.10.win32_1.0.0.202111181127/tools/bin/../lib/gcc/arm-none-eabi/10.3.1/thumb/v7-m/nofp\libgcc.a(_arm_fixsfsi.o)
                0x0000000008000608                __aeabi_f2iz
                0x0000000008000608                __fixsfsi
 .text          0x0000000008000654       0x30 c:/direct/st/stm32cubeide_1.9.0/stm32cubeide/plugins/com.st.stm32cube.ide.mcu.externaltools.gnu-tools-for-stm32.10.3-2021.10.win32_1.0.0.202111181127/tools/bin/../lib/gcc/arm-none-eabi/10.3.1/thumb/v7-m/nofp\libgcc.a(_aeabi_uldivmod.o)
                0x0000000008000654                __aeabi_uldivmod
 .text          0x0000000008000684      0x2d4 c:/direct/st/stm32cubeide_1.9.0/stm32cubeide/plugins/com.st.stm32cube.ide.mcu.externaltools.gnu-tools-for-stm32.10.3-2021.10.win32_1.0.0.202111181127/tools/bin/../lib/gcc/arm-none-eabi/10.3.1/thumb/v7-m/nofp\libgcc.a(_udivmoddi4.o)
                0x0000000008000684                __udivmoddi4
 .text          0x0000000008000958        0x4 c:/direct/st/stm32cubeide_1.9.0/stm32cubeide/plugins/com.st.stm32cube.ide.mcu.externaltools.gnu-tools-for-stm32.10.3-2021.10.win32_1.0.0.202111181127/tools/bin/../lib/gcc/arm-none-eabi/10.3.1/thumb/v7-m/nofp\libgcc.a(_dvmd_tls.o)
                0x0000000008000958                __aeabi_idiv0
                0x0000000008000958                __aeabi_ldiv0
 *(.text*)
 .text.App_Init
                0x000000000800095c       0x54 ./Core/Src/App/app.o
                0x000000000800095c                App_Init
 .text.App_Loop
                0x00000000080009b0       0xa0 ./Core/Src/App/app.o
                0x00000000080009b0                App_Loop
 .text.Backlight_Get
                0x0000000008000a50       0x18 ./Core/Src/App/backlight.o
                0x0000000008000a50                Backlight_Get
 .text.Backlight_Set
                0x0000000008000a68       0x20 ./Core/Src/App/backlight.o
                0x0000000008000a68                Backlight_Set
 .text.Backlight_Init
                0x0000000008000a88       0x3c ./Core/Src/App/backlight.o
                0x0000000008000a88                Backlight_Init
 .text.Buttons_Interrupt
                0x0000000008000ac4       0x38 ./Core/Src/App/buttons.o
                0x0000000008000ac4                Buttons_Interrupt
 .text.Buttons_Debounce_Read
                0x0000000008000afc       0x66 ./Core/Src/App/buttons.o
                0x0000000008000afc                Buttons_Debounce_Read
 *fill*         0x0000000008000b62        0x2 
 .text.Buttons_Pressed
                0x0000000008000b64       0x4c ./Core/Src/App/buttons.o
                0x0000000008000b64                Buttons_Pressed
 .text.Buttons_Read
                0x0000000008000bb0       0x48 ./Core/Src/App/buttons.o
                0x0000000008000bb0                Buttons_Read
 .text.HAL_ADC_ConvCpltCallback
                0x0000000008000bf8       0x24 ./Core/Src/App/interrupts.o
                0x0000000008000bf8                HAL_ADC_ConvCpltCallback
 .text.HAL_GPIO_EXTI_Callback
                0x0000000008000c1c       0x26 ./Core/Src/App/interrupts.o
                0x0000000008000c1c                HAL_GPIO_EXTI_Callback
 *fill*         0x0000000008000c42        0x2 
 .text.Resistors_Interrupt
                0x0000000008000c44       0x28 ./Core/Src/App/resistors.o
                0x0000000008000c44                Resistors_Interrupt
 .text.Resistors_Start
                0x0000000008000c6c       0x1c ./Core/Src/App/resistors.o
                0x0000000008000c6c                Resistors_Start
 .text.Resistors_Get
                0x0000000008000c88      0x1a0 ./Core/Src/App/resistors.o
                0x0000000008000c88                Resistors_Get
 .text.Resistors_Ready
                0x0000000008000e28       0x24 ./Core/Src/App/resistors.o
                0x0000000008000e28                Resistors_Ready
 .text.Resistors_Init
                0x0000000008000e4c       0x18 ./Core/Src/App/resistors.o
                0x0000000008000e4c                Resistors_Init
 .text.USB_Store_Button
                0x0000000008000e64       0x60 ./Core/Src/App/usb.o
                0x0000000008000e64                USB_Store_Button
 .text.USB_Interrupt
                0x0000000008000ec4       0x30 ./Core/Src/App/usb.o
                0x0000000008000ec4                USB_Interrupt
 .text.USB_Received
                0x0000000008000ef4       0x14 ./Core/Src/App/usb.o
                0x0000000008000ef4                USB_Received
 .text.USB_Read_Brightness
                0x0000000008000f08       0x30 ./Core/Src/App/usb.o
                0x0000000008000f08                USB_Read_Brightness
 .text.USB_Send
                0x0000000008000f38       0x64 ./Core/Src/App/usb.o
                0x0000000008000f38                USB_Send
 .text.main     0x0000000008000f9c       0x2a ./Core/Src/main.o
                0x0000000008000f9c                main
 .text.SystemClock_Config
                0x0000000008000fc6       0xba ./Core/Src/main.o
                0x0000000008000fc6                SystemClock_Config
 .text.MX_ADC1_Init
                0x0000000008001080       0x9c ./Core/Src/main.o
 .text.MX_TIM3_Init
                0x000000000800111c       0xec ./Core/Src/main.o
 .text.MX_DMA_Init
                0x0000000008001208       0x3c ./Core/Src/main.o
 .text.MX_GPIO_Init
                0x0000000008001244       0x90 ./Core/Src/main.o
 .text.Error_Handler
                0x00000000080012d4        0xc ./Core/Src/main.o
                0x00000000080012d4                Error_Handler
 .text.HAL_MspInit
                0x00000000080012e0       0x64 ./Core/Src/stm32f1xx_hal_msp.o
                0x00000000080012e0                HAL_MspInit
 .text.HAL_ADC_MspInit
                0x0000000008001344       0xe0 ./Core/Src/stm32f1xx_hal_msp.o
                0x0000000008001344                HAL_ADC_MspInit
 .text.HAL_TIM_Base_MspInit
                0x0000000008001424       0x3c ./Core/Src/stm32f1xx_hal_msp.o
                0x0000000008001424                HAL_TIM_Base_MspInit
 .text.HAL_TIM_MspPostInit
                0x0000000008001460       0x64 ./Core/Src/stm32f1xx_hal_msp.o
                0x0000000008001460                HAL_TIM_MspPostInit
 .text.NMI_Handler
                0x00000000080014c4        0xc ./Core/Src/stm32f1xx_it.o
                0x00000000080014c4                NMI_Handler
 .text.HardFault_Handler
                0x00000000080014d0        0x6 ./Core/Src/stm32f1xx_it.o
                0x00000000080014d0                HardFault_Handler
 .text.MemManage_Handler
                0x00000000080014d6        0x6 ./Core/Src/stm32f1xx_it.o
                0x00000000080014d6                MemManage_Handler
 .text.BusFault_Handler
                0x00000000080014dc        0x6 ./Core/Src/stm32f1xx_it.o
                0x00000000080014dc                BusFault_Handler
 .text.UsageFault_Handler
                0x00000000080014e2        0x6 ./Core/Src/stm32f1xx_it.o
                0x00000000080014e2                UsageFault_Handler
 .text.SVC_Handler
                0x00000000080014e8        0xc ./Core/Src/stm32f1xx_it.o
                0x00000000080014e8                SVC_Handler
 .text.DebugMon_Handler
                0x00000000080014f4        0xc ./Core/Src/stm32f1xx_it.o
                0x00000000080014f4                DebugMon_Handler
 .text.PendSV_Handler
                0x0000000008001500        0xc ./Core/Src/stm32f1xx_it.o
                0x0000000008001500                PendSV_Handler
 .text.SysTick_Handler
                0x000000000800150c        0xc ./Core/Src/stm32f1xx_it.o
                0x000000000800150c                SysTick_Handler
 .text.EXTI4_IRQHandler
                0x0000000008001518        0xe ./Core/Src/stm32f1xx_it.o
                0x0000000008001518                EXTI4_IRQHandler
 *fill*         0x0000000008001526        0x2 
 .text.DMA1_Channel1_IRQHandler
                0x0000000008001528       0x14 ./Core/Src/stm32f1xx_it.o
                0x0000000008001528                DMA1_Channel1_IRQHandler
 .text.ADC1_2_IRQHandler
                0x000000000800153c       0x14 ./Core/Src/stm32f1xx_it.o
                0x000000000800153c                ADC1_2_IRQHandler
 .text.USB_LP_CAN1_RX0_IRQHandler
                0x0000000008001550       0x14 ./Core/Src/stm32f1xx_it.o
                0x0000000008001550                USB_LP_CAN1_RX0_IRQHandler
 .text.EXTI9_5_IRQHandler
                0x0000000008001564        0xe ./Core/Src/stm32f1xx_it.o
                0x0000000008001564                EXTI9_5_IRQHandler
 *fill*         0x0000000008001572        0x2 
 .text.SystemInit
                0x0000000008001574       0x68 ./Core/Src/system_stm32f1xx.o
                0x0000000008001574                SystemInit
 .text.Reset_Handler
                0x00000000080015dc       0x48 ./Core/Startup/startup_stm32f103c8tx.o
                0x00000000080015dc                Reset_Handler
 .text.Default_Handler
                0x0000000008001624        0x2 ./Core/Startup/startup_stm32f103c8tx.o
                0x0000000008001624                RTC_Alarm_IRQHandler
                0x0000000008001624                EXTI2_IRQHandler
                0x0000000008001624                TIM1_CC_IRQHandler
                0x0000000008001624                PVD_IRQHandler
                0x0000000008001624                EXTI3_IRQHandler
                0x0000000008001624                EXTI0_IRQHandler
                0x0000000008001624                I2C2_EV_IRQHandler
                0x0000000008001624                SPI1_IRQHandler
                0x0000000008001624                TAMPER_IRQHandler
                0x0000000008001624                DMA1_Channel4_IRQHandler
                0x0000000008001624                USART3_IRQHandler
                0x0000000008001624                RTC_IRQHandler
                0x0000000008001624                DMA1_Channel7_IRQHandler
                0x0000000008001624                CAN1_RX1_IRQHandler
                0x0000000008001624                TIM4_IRQHandler
                0x0000000008001624                I2C1_EV_IRQHandler
                0x0000000008001624                DMA1_Channel6_IRQHandler
                0x0000000008001624                TIM3_IRQHandler
                0x0000000008001624                RCC_IRQHandler
                0x0000000008001624                TIM1_TRG_COM_IRQHandler
                0x0000000008001624                Default_Handler
                0x0000000008001624                EXTI15_10_IRQHandler
                0x0000000008001624                SPI2_IRQHandler
                0x0000000008001624                DMA1_Channel5_IRQHandler
                0x0000000008001624                USB_HP_CAN1_TX_IRQHandler
                0x0000000008001624                DMA1_Channel3_IRQHandler
                0x0000000008001624                TIM1_UP_IRQHandler
                0x0000000008001624                WWDG_IRQHandler
                0x0000000008001624                TIM2_IRQHandler
                0x0000000008001624                TIM1_BRK_IRQHandler
                0x0000000008001624                EXTI1_IRQHandler
                0x0000000008001624                USART2_IRQHandler
                0x0000000008001624                I2C2_ER_IRQHandler
                0x0000000008001624                DMA1_Channel2_IRQHandler
                0x0000000008001624                CAN1_SCE_IRQHandler
                0x0000000008001624                FLASH_IRQHandler
                0x0000000008001624                USART1_IRQHandler
                0x0000000008001624                I2C1_ER_IRQHandler
                0x0000000008001624                USBWakeUp_IRQHandler
 *fill*         0x0000000008001626        0x2 
 .text.HAL_Init
                0x0000000008001628       0x2c ./Drivers/STM32F1xx_HAL_Driver/Src/stm32f1xx_hal.o
                0x0000000008001628                HAL_Init
 .text.HAL_InitTick
                0x0000000008001654       0x60 ./Drivers/STM32F1xx_HAL_Driver/Src/stm32f1xx_hal.o
                0x0000000008001654                HAL_InitTick
 .text.HAL_IncTick
                0x00000000080016b4       0x24 ./Drivers/STM32F1xx_HAL_Driver/Src/stm32f1xx_hal.o
                0x00000000080016b4                HAL_IncTick
 .text.HAL_GetTick
                0x00000000080016d8       0x14 ./Drivers/STM32F1xx_HAL_Driver/Src/stm32f1xx_hal.o
                0x00000000080016d8                HAL_GetTick
 .text.HAL_Delay
                0x00000000080016ec       0x48 ./Drivers/STM32F1xx_HAL_Driver/Src/stm32f1xx_hal.o
                0x00000000080016ec                HAL_Delay
 .text.HAL_ADC_Init
                0x0000000008001734      0x1b0 ./Drivers/STM32F1xx_HAL_Driver/Src/stm32f1xx_hal_adc.o
                0x0000000008001734                HAL_ADC_Init
 .text.HAL_ADC_Start_DMA
                0x00000000080018e4      0x1bc ./Drivers/STM32F1xx_HAL_Driver/Src/stm32f1xx_hal_adc.o
                0x00000000080018e4                HAL_ADC_Start_DMA
 .text.HAL_ADC_Stop_DMA
                0x0000000008001aa0       0x96 ./Drivers/STM32F1xx_HAL_Driver/Src/stm32f1xx_hal_adc.o
                0x0000000008001aa0                HAL_ADC_Stop_DMA
 .text.HAL_ADC_IRQHandler
                0x0000000008001b36      0x186 ./Drivers/STM32F1xx_HAL_Driver/Src/stm32f1xx_hal_adc.o
                0x0000000008001b36                HAL_ADC_IRQHandler
 .text.HAL_ADC_ConvHalfCpltCallback
                0x0000000008001cbc       0x12 ./Drivers/STM32F1xx_HAL_Driver/Src/stm32f1xx_hal_adc.o
                0x0000000008001cbc                HAL_ADC_ConvHalfCpltCallback
 .text.HAL_ADC_LevelOutOfWindowCallback
                0x0000000008001cce       0x12 ./Drivers/STM32F1xx_HAL_Driver/Src/stm32f1xx_hal_adc.o
                0x0000000008001cce                HAL_ADC_LevelOutOfWindowCallback
 .text.HAL_ADC_ErrorCallback
                0x0000000008001ce0       0x12 ./Drivers/STM32F1xx_HAL_Driver/Src/stm32f1xx_hal_adc.o
                0x0000000008001ce0                HAL_ADC_ErrorCallback
 *fill*         0x0000000008001cf2        0x2 
 .text.HAL_ADC_ConfigChannel
                0x0000000008001cf4      0x1f0 ./Drivers/STM32F1xx_HAL_Driver/Src/stm32f1xx_hal_adc.o
                0x0000000008001cf4                HAL_ADC_ConfigChannel
 .text.ADC_Enable
                0x0000000008001ee4       0xb4 ./Drivers/STM32F1xx_HAL_Driver/Src/stm32f1xx_hal_adc.o
                0x0000000008001ee4                ADC_Enable
 .text.ADC_ConversionStop_Disable
                0x0000000008001f98       0x82 ./Drivers/STM32F1xx_HAL_Driver/Src/stm32f1xx_hal_adc.o
                0x0000000008001f98                ADC_ConversionStop_Disable
 .text.ADC_DMAConvCplt
                0x000000000800201a       0x7c ./Drivers/STM32F1xx_HAL_Driver/Src/stm32f1xx_hal_adc.o
                0x000000000800201a                ADC_DMAConvCplt
 .text.ADC_DMAHalfConvCplt
                0x0000000008002096       0x1c ./Drivers/STM32F1xx_HAL_Driver/Src/stm32f1xx_hal_adc.o
                0x0000000008002096                ADC_DMAHalfConvCplt
 .text.ADC_DMAError
                0x00000000080020b2       0x34 ./Drivers/STM32F1xx_HAL_Driver/Src/stm32f1xx_hal_adc.o
                0x00000000080020b2                ADC_DMAError
 *fill*         0x00000000080020e6        0x2 
 .text.HAL_ADCEx_Calibration_Start
                0x00000000080020e8      0x158 ./Drivers/STM32F1xx_HAL_Driver/Src/stm32f1xx_hal_adc_ex.o
                0x00000000080020e8                HAL_ADCEx_Calibration_Start
 .text.HAL_ADCEx_InjectedConvCpltCallback
                0x0000000008002240       0x12 ./Drivers/STM32F1xx_HAL_Driver/Src/stm32f1xx_hal_adc_ex.o
                0x0000000008002240                HAL_ADCEx_InjectedConvCpltCallback
 *fill*         0x0000000008002252        0x2 
 .text.__NVIC_SetPriorityGrouping
                0x0000000008002254       0x48 ./Drivers/STM32F1xx_HAL_Driver/Src/stm32f1xx_hal_cortex.o
 .text.__NVIC_GetPriorityGrouping
                0x000000000800229c       0x1c ./Drivers/STM32F1xx_HAL_Driver/Src/stm32f1xx_hal_cortex.o
 .text.__NVIC_EnableIRQ
                0x00000000080022b8       0x38 ./Drivers/STM32F1xx_HAL_Driver/Src/stm32f1xx_hal_cortex.o
 .text.__NVIC_SetPriority
                0x00000000080022f0       0x54 ./Drivers/STM32F1xx_HAL_Driver/Src/stm32f1xx_hal_cortex.o
 .text.NVIC_EncodePriority
                0x0000000008002344       0x64 ./Drivers/STM32F1xx_HAL_Driver/Src/stm32f1xx_hal_cortex.o
 .text.SysTick_Config
                0x00000000080023a8       0x44 ./Drivers/STM32F1xx_HAL_Driver/Src/stm32f1xx_hal_cortex.o
 .text.HAL_NVIC_SetPriorityGrouping
                0x00000000080023ec       0x16 ./Drivers/STM32F1xx_HAL_Driver/Src/stm32f1xx_hal_cortex.o
                0x00000000080023ec                HAL_NVIC_SetPriorityGrouping
 .text.HAL_NVIC_SetPriority
                0x0000000008002402       0x38 ./Drivers/STM32F1xx_HAL_Driver/Src/stm32f1xx_hal_cortex.o
                0x0000000008002402                HAL_NVIC_SetPriority
 .text.HAL_NVIC_EnableIRQ
                0x000000000800243a       0x1c ./Drivers/STM32F1xx_HAL_Driver/Src/stm32f1xx_hal_cortex.o
                0x000000000800243a                HAL_NVIC_EnableIRQ
 .text.HAL_SYSTICK_Config
                0x0000000008002456       0x18 ./Drivers/STM32F1xx_HAL_Driver/Src/stm32f1xx_hal_cortex.o
                0x0000000008002456                HAL_SYSTICK_Config
 *fill*         0x000000000800246e        0x2 
 .text.HAL_DMA_Init
                0x0000000008002470       0xb4 ./Drivers/STM32F1xx_HAL_Driver/Src/stm32f1xx_hal_dma.o
                0x0000000008002470                HAL_DMA_Init
 .text.HAL_DMA_Start_IT
                0x0000000008002524       0xbe ./Drivers/STM32F1xx_HAL_Driver/Src/stm32f1xx_hal_dma.o
                0x0000000008002524                HAL_DMA_Start_IT
 .text.HAL_DMA_Abort
                0x00000000080025e2       0x74 ./Drivers/STM32F1xx_HAL_Driver/Src/stm32f1xx_hal_dma.o
                0x00000000080025e2                HAL_DMA_Abort
 *fill*         0x0000000008002656        0x2 
 .text.HAL_DMA_IRQHandler
                0x0000000008002658      0x20c ./Drivers/STM32F1xx_HAL_Driver/Src/stm32f1xx_hal_dma.o
                0x0000000008002658                HAL_DMA_IRQHandler
 .text.DMA_SetConfig
                0x0000000008002864       0x5a ./Drivers/STM32F1xx_HAL_Driver/Src/stm32f1xx_hal_dma.o
 *fill*         0x00000000080028be        0x2 
 .text.HAL_GPIO_Init
                0x00000000080028c0      0x308 ./Drivers/STM32F1xx_HAL_Driver/Src/stm32f1xx_hal_gpio.o
                0x00000000080028c0                HAL_GPIO_Init
 .text.HAL_GPIO_ReadPin
                0x0000000008002bc8       0x2e ./Drivers/STM32F1xx_HAL_Driver/Src/stm32f1xx_hal_gpio.o
                0x0000000008002bc8                HAL_GPIO_ReadPin
 *fill*         0x0000000008002bf6        0x2 
 .text.HAL_GPIO_EXTI_IRQHandler
                0x0000000008002bf8       0x30 ./Drivers/STM32F1xx_HAL_Driver/Src/stm32f1xx_hal_gpio.o
                0x0000000008002bf8                HAL_GPIO_EXTI_IRQHandler
 .text.HAL_PCD_Init
                0x0000000008002c28      0x216 ./Drivers/STM32F1xx_HAL_Driver/Src/stm32f1xx_hal_pcd.o
                0x0000000008002c28                HAL_PCD_Init
 .text.HAL_PCD_Start
                0x0000000008002e3e       0x4c ./Drivers/STM32F1xx_HAL_Driver/Src/stm32f1xx_hal_pcd.o
                0x0000000008002e3e                HAL_PCD_Start
 .text.HAL_PCD_IRQHandler
                0x0000000008002e8a      0x2a6 ./Drivers/STM32F1xx_HAL_Driver/Src/stm32f1xx_hal_pcd.o
                0x0000000008002e8a                HAL_PCD_IRQHandler
 .text.HAL_PCD_SetAddress
                0x0000000008003130       0x4a ./Drivers/STM32F1xx_HAL_Driver/Src/stm32f1xx_hal_pcd.o
                0x0000000008003130                HAL_PCD_SetAddress
 .text.HAL_PCD_EP_Open
                0x000000000800317a       0xcc ./Drivers/STM32F1xx_HAL_Driver/Src/stm32f1xx_hal_pcd.o
                0x000000000800317a                HAL_PCD_EP_Open
 .text.HAL_PCD_EP_Close
                0x0000000008003246       0x90 ./Drivers/STM32F1xx_HAL_Driver/Src/stm32f1xx_hal_pcd.o
                0x0000000008003246                HAL_PCD_EP_Close
 .text.HAL_PCD_EP_Receive
                0x00000000080032d6       0x7a ./Drivers/STM32F1xx_HAL_Driver/Src/stm32f1xx_hal_pcd.o
                0x00000000080032d6                HAL_PCD_EP_Receive
 .text.HAL_PCD_EP_Transmit
                0x0000000008003350       0x86 ./Drivers/STM32F1xx_HAL_Driver/Src/stm32f1xx_hal_pcd.o
                0x0000000008003350                HAL_PCD_EP_Transmit
 .text.HAL_PCD_EP_SetStall
                0x00000000080033d6       0xc0 ./Drivers/STM32F1xx_HAL_Driver/Src/stm32f1xx_hal_pcd.o
                0x00000000080033d6                HAL_PCD_EP_SetStall
 .text.HAL_PCD_EP_ClrStall
                0x0000000008003496       0xa8 ./Drivers/STM32F1xx_HAL_Driver/Src/stm32f1xx_hal_pcd.o
                0x0000000008003496                HAL_PCD_EP_ClrStall
 .text.PCD_EP_ISR_Handler
                0x000000000800353e      0x600 ./Drivers/STM32F1xx_HAL_Driver/Src/stm32f1xx_hal_pcd.o
 .text.HAL_PCD_EP_DB_Receive
                0x0000000008003b3e      0x21a ./Drivers/STM32F1xx_HAL_Driver/Src/stm32f1xx_hal_pcd.o
 .text.HAL_PCD_EP_DB_Transmit
                0x0000000008003d58      0x7a4 ./Drivers/STM32F1xx_HAL_Driver/Src/stm32f1xx_hal_pcd.o
 .text.HAL_PCDEx_PMAConfig
                0x00000000080044fc       0x84 ./Drivers/STM32F1xx_HAL_Driver/Src/stm32f1xx_hal_pcd_ex.o
                0x00000000080044fc                HAL_PCDEx_PMAConfig
 .text.HAL_RCC_OscConfig
                0x0000000008004580      0x504 ./Drivers/STM32F1xx_HAL_Driver/Src/stm32f1xx_hal_rcc.o
                0x0000000008004580                HAL_RCC_OscConfig
 .text.HAL_RCC_ClockConfig
                0x0000000008004a84      0x1d4 ./Drivers/STM32F1xx_HAL_Driver/Src/stm32f1xx_hal_rcc.o
                0x0000000008004a84                HAL_RCC_ClockConfig
 .text.HAL_RCC_GetSysClockFreq
                0x0000000008004c58       0xbc ./Drivers/STM32F1xx_HAL_Driver/Src/stm32f1xx_hal_rcc.o
                0x0000000008004c58                HAL_RCC_GetSysClockFreq
 .text.HAL_RCC_GetHCLKFreq
                0x0000000008004d14       0x14 ./Drivers/STM32F1xx_HAL_Driver/Src/stm32f1xx_hal_rcc.o
                0x0000000008004d14                HAL_RCC_GetHCLKFreq
 .text.HAL_RCC_GetPCLK2Freq
                0x0000000008004d28       0x28 ./Drivers/STM32F1xx_HAL_Driver/Src/stm32f1xx_hal_rcc.o
                0x0000000008004d28                HAL_RCC_GetPCLK2Freq
 .text.RCC_Delay
                0x0000000008004d50       0x3c ./Drivers/STM32F1xx_HAL_Driver/Src/stm32f1xx_hal_rcc.o
 .text.HAL_RCCEx_PeriphCLKConfig
                0x0000000008004d8c      0x16c ./Drivers/STM32F1xx_HAL_Driver/Src/stm32f1xx_hal_rcc_ex.o
                0x0000000008004d8c                HAL_RCCEx_PeriphCLKConfig
 .text.HAL_RCCEx_GetPeriphCLKFreq
                0x0000000008004ef8      0x180 ./Drivers/STM32F1xx_HAL_Driver/Src/stm32f1xx_hal_rcc_ex.o
                0x0000000008004ef8                HAL_RCCEx_GetPeriphCLKFreq
 .text.HAL_TIM_Base_Init
                0x0000000008005078       0x9e ./Drivers/STM32F1xx_HAL_Driver/Src/stm32f1xx_hal_tim.o
                0x0000000008005078                HAL_TIM_Base_Init
 .text.HAL_TIM_PWM_Init
                0x0000000008005116       0x9e ./Drivers/STM32F1xx_HAL_Driver/Src/stm32f1xx_hal_tim.o
                0x0000000008005116                HAL_TIM_PWM_Init
 .text.HAL_TIM_PWM_MspInit
                0x00000000080051b4       0x12 ./Drivers/STM32F1xx_HAL_Driver/Src/stm32f1xx_hal_tim.o
                0x00000000080051b4                HAL_TIM_PWM_MspInit
 *fill*         0x00000000080051c6        0x2 
 .text.HAL_TIM_PWM_Start
                0x00000000080051c8      0x144 ./Drivers/STM32F1xx_HAL_Driver/Src/stm32f1xx_hal_tim.o
                0x00000000080051c8                HAL_TIM_PWM_Start
 .text.HAL_TIM_PWM_ConfigChannel
                0x000000000800530c      0x17c ./Drivers/STM32F1xx_HAL_Driver/Src/stm32f1xx_hal_tim.o
                0x000000000800530c                HAL_TIM_PWM_ConfigChannel
 .text.HAL_TIM_ConfigClockSource
                0x0000000008005488      0x188 ./Drivers/STM32F1xx_HAL_Driver/Src/stm32f1xx_hal_tim.o
                0x0000000008005488                HAL_TIM_ConfigClockSource
 .text.TIM_Base_SetConfig
                0x0000000008005610       0xc4 ./Drivers/STM32F1xx_HAL_Driver/Src/stm32f1xx_hal_tim.o
                0x0000000008005610                TIM_Base_SetConfig
 .text.TIM_OC1_SetConfig
                0x00000000080056d4       0xcc ./Drivers/STM32F1xx_HAL_Driver/Src/stm32f1xx_hal_tim.o
 .text.TIM_OC2_SetConfig
                0x00000000080057a0       0xd4 ./Drivers/STM32F1xx_HAL_Driver/Src/stm32f1xx_hal_tim.o
                0x00000000080057a0                TIM_OC2_SetConfig
 .text.TIM_OC3_SetConfig
                0x0000000008005874       0xd4 ./Drivers/STM32F1xx_HAL_Driver/Src/stm32f1xx_hal_tim.o
 .text.TIM_OC4_SetConfig
                0x0000000008005948       0x9c ./Drivers/STM32F1xx_HAL_Driver/Src/stm32f1xx_hal_tim.o
 .text.TIM_TI1_ConfigInputStage
                0x00000000080059e4       0x5c ./Drivers/STM32F1xx_HAL_Driver/Src/stm32f1xx_hal_tim.o
 .text.TIM_TI2_ConfigInputStage
                0x0000000008005a40       0x5e ./Drivers/STM32F1xx_HAL_Driver/Src/stm32f1xx_hal_tim.o
 .text.TIM_ITRx_SetConfig
                0x0000000008005a9e       0x34 ./Drivers/STM32F1xx_HAL_Driver/Src/stm32f1xx_hal_tim.o
 .text.TIM_ETR_SetConfig
                0x0000000008005ad2       0x3e ./Drivers/STM32F1xx_HAL_Driver/Src/stm32f1xx_hal_tim.o
                0x0000000008005ad2                TIM_ETR_SetConfig
 .text.TIM_CCxChannelCmd
                0x0000000008005b10       0x48 ./Drivers/STM32F1xx_HAL_Driver/Src/stm32f1xx_hal_tim.o
                0x0000000008005b10                TIM_CCxChannelCmd
 .text.HAL_TIMEx_MasterConfigSynchronization
                0x0000000008005b58       0xbc ./Drivers/STM32F1xx_HAL_Driver/Src/stm32f1xx_hal_tim_ex.o
                0x0000000008005b58                HAL_TIMEx_MasterConfigSynchronization
 .text.USB_CoreInit
                0x0000000008005c14       0x20 ./Drivers/STM32F1xx_HAL_Driver/Src/stm32f1xx_ll_usb.o
                0x0000000008005c14                USB_CoreInit
 .text.USB_EnableGlobalInt
                0x0000000008005c34       0x2c ./Drivers/STM32F1xx_HAL_Driver/Src/stm32f1xx_ll_usb.o
                0x0000000008005c34                USB_EnableGlobalInt
 .text.USB_DisableGlobalInt
                0x0000000008005c60       0x34 ./Drivers/STM32F1xx_HAL_Driver/Src/stm32f1xx_ll_usb.o
                0x0000000008005c60                USB_DisableGlobalInt
 .text.USB_SetCurrentMode
                0x0000000008005c94       0x18 ./Drivers/STM32F1xx_HAL_Driver/Src/stm32f1xx_ll_usb.o
                0x0000000008005c94                USB_SetCurrentMode
 .text.USB_DevInit
                0x0000000008005cac       0x40 ./Drivers/STM32F1xx_HAL_Driver/Src/stm32f1xx_ll_usb.o
                0x0000000008005cac                USB_DevInit
 .text.USB_ActivateEndpoint
                0x0000000008005cec      0x6d4 ./Drivers/STM32F1xx_HAL_Driver/Src/stm32f1xx_ll_usb.o
                0x0000000008005cec                USB_ActivateEndpoint
 .text.USB_DeactivateEndpoint
                0x00000000080063c0      0x3d8 ./Drivers/STM32F1xx_HAL_Driver/Src/stm32f1xx_ll_usb.o
                0x00000000080063c0                USB_DeactivateEndpoint
 .text.USB_EPStartXfer
                0x0000000008006798     0x1c70 ./Drivers/STM32F1xx_HAL_Driver/Src/stm32f1xx_ll_usb.o
                0x0000000008006798                USB_EPStartXfer
 .text.USB_EPSetStall
                0x0000000008008408       0xa0 ./Drivers/STM32F1xx_HAL_Driver/Src/stm32f1xx_ll_usb.o
                0x0000000008008408                USB_EPSetStall
 .text.USB_EPClearStall
                0x00000000080084a8      0x15a ./Drivers/STM32F1xx_HAL_Driver/Src/stm32f1xx_ll_usb.o
                0x00000000080084a8                USB_EPClearStall
 .text.USB_SetDevAddress
                0x0000000008008602       0x26 ./Drivers/STM32F1xx_HAL_Driver/Src/stm32f1xx_ll_usb.o
                0x0000000008008602                USB_SetDevAddress
 .text.USB_DevConnect
                0x0000000008008628       0x14 ./Drivers/STM32F1xx_HAL_Driver/Src/stm32f1xx_ll_usb.o
                0x0000000008008628                USB_DevConnect
 .text.USB_DevDisconnect
                0x000000000800863c       0x14 ./Drivers/STM32F1xx_HAL_Driver/Src/stm32f1xx_ll_usb.o
                0x000000000800863c                USB_DevDisconnect
 .text.USB_ReadInterrupts
                0x0000000008008650       0x1e ./Drivers/STM32F1xx_HAL_Driver/Src/stm32f1xx_ll_usb.o
                0x0000000008008650                USB_ReadInterrupts
 .text.USB_EP0_OutStart
                0x000000000800866e       0x16 ./Drivers/STM32F1xx_HAL_Driver/Src/stm32f1xx_ll_usb.o
                0x000000000800866e                USB_EP0_OutStart
 .text.USB_WritePMA
                0x0000000008008684       0x8a ./Drivers/STM32F1xx_HAL_Driver/Src/stm32f1xx_ll_usb.o
                0x0000000008008684                USB_WritePMA
 .text.USB_ReadPMA
                0x000000000800870e       0x9e ./Drivers/STM32F1xx_HAL_Driver/Src/stm32f1xx_ll_usb.o
                0x000000000800870e                USB_ReadPMA
 .text.USBD_CUSTOM_HID_Init
                0x00000000080087ac       0x84 ./Middlewares/ST/STM32_USB_Device_Library/Class/CustomHID/Src/usbd_customhid.o
 .text.USBD_CUSTOM_HID_DeInit
                0x0000000008008830       0x5c ./Middlewares/ST/STM32_USB_Device_Library/Class/CustomHID/Src/usbd_customhid.o
 .text.USBD_CUSTOM_HID_Setup
                0x000000000800888c      0x200 ./Middlewares/ST/STM32_USB_Device_Library/Class/CustomHID/Src/usbd_customhid.o
 .text.USBD_CUSTOM_HID_SendReport
                0x0000000008008a8c       0x4e ./Middlewares/ST/STM32_USB_Device_Library/Class/CustomHID/Src/usbd_customhid.o
                0x0000000008008a8c                USBD_CUSTOM_HID_SendReport
 *fill*         0x0000000008008ada        0x2 
 .text.USBD_CUSTOM_HID_GetFSCfgDesc
                0x0000000008008adc       0x20 ./Middlewares/ST/STM32_USB_Device_Library/Class/CustomHID/Src/usbd_customhid.o
 .text.USBD_CUSTOM_HID_GetHSCfgDesc
                0x0000000008008afc       0x20 ./Middlewares/ST/STM32_USB_Device_Library/Class/CustomHID/Src/usbd_customhid.o
 .text.USBD_CUSTOM_HID_GetOtherSpeedCfgDesc
                0x0000000008008b1c       0x20 ./Middlewares/ST/STM32_USB_Device_Library/Class/CustomHID/Src/usbd_customhid.o
 .text.USBD_CUSTOM_HID_DataIn
                0x0000000008008b3c       0x24 ./Middlewares/ST/STM32_USB_Device_Library/Class/CustomHID/Src/usbd_customhid.o
 .text.USBD_CUSTOM_HID_DataOut
                0x0000000008008b60       0x3e ./Middlewares/ST/STM32_USB_Device_Library/Class/CustomHID/Src/usbd_customhid.o
 .text.USBD_CUSTOM_HID_EP0_RxReady
                0x0000000008008b9e       0x3c ./Middlewares/ST/STM32_USB_Device_Library/Class/CustomHID/Src/usbd_customhid.o
 *fill*         0x0000000008008bda        0x2 
 .text.USBD_CUSTOM_HID_GetDeviceQualifierDesc
                0x0000000008008bdc       0x20 ./Middlewares/ST/STM32_USB_Device_Library/Class/CustomHID/Src/usbd_customhid.o
 .text.USBD_CUSTOM_HID_RegisterInterface
                0x0000000008008bfc       0x2c ./Middlewares/ST/STM32_USB_Device_Library/Class/CustomHID/Src/usbd_customhid.o
                0x0000000008008bfc                USBD_CUSTOM_HID_RegisterInterface
 .text.USBD_Init
                0x0000000008008c28       0x56 ./Middlewares/ST/STM32_USB_Device_Library/Core/Src/usbd_core.o
                0x0000000008008c28                USBD_Init
 .text.USBD_RegisterClass
                0x0000000008008c7e       0x32 ./Middlewares/ST/STM32_USB_Device_Library/Core/Src/usbd_core.o
                0x0000000008008c7e                USBD_RegisterClass
 .text.USBD_Start
                0x0000000008008cb0       0x18 ./Middlewares/ST/STM32_USB_Device_Library/Core/Src/usbd_core.o
                0x0000000008008cb0                USBD_Start
 .text.USBD_RunTestMode
                0x0000000008008cc8       0x14 ./Middlewares/ST/STM32_USB_Device_Library/Core/Src/usbd_core.o
                0x0000000008008cc8                USBD_RunTestMode
 .text.USBD_SetClassConfig
                0x0000000008008cdc       0x3e ./Middlewares/ST/STM32_USB_Device_Library/Core/Src/usbd_core.o
                0x0000000008008cdc                USBD_SetClassConfig
 .text.USBD_ClrClassConfig
                0x0000000008008d1a       0x26 ./Middlewares/ST/STM32_USB_Device_Library/Core/Src/usbd_core.o
                0x0000000008008d1a                USBD_ClrClassConfig
 .text.USBD_LL_SetupStage
                0x0000000008008d40       0x9a ./Middlewares/ST/STM32_USB_Device_Library/Core/Src/usbd_core.o
                0x0000000008008d40                USBD_LL_SetupStage
 .text.USBD_LL_DataOutStage
                0x0000000008008dda       0xe2 ./Middlewares/ST/STM32_USB_Device_Library/Core/Src/usbd_core.o
                0x0000000008008dda                USBD_LL_DataOutStage
 .text.USBD_LL_DataInStage
                0x0000000008008ebc      0x14a ./Middlewares/ST/STM32_USB_Device_Library/Core/Src/usbd_core.o
                0x0000000008008ebc                USBD_LL_DataInStage
 .text.USBD_LL_Reset
                0x0000000008009006       0x82 ./Middlewares/ST/STM32_USB_Device_Library/Core/Src/usbd_core.o
                0x0000000008009006                USBD_LL_Reset
 .text.USBD_LL_SetSpeed
                0x0000000008009088       0x1e ./Middlewares/ST/STM32_USB_Device_Library/Core/Src/usbd_core.o
                0x0000000008009088                USBD_LL_SetSpeed
 .text.USBD_LL_Suspend
                0x00000000080090a6       0x28 ./Middlewares/ST/STM32_USB_Device_Library/Core/Src/usbd_core.o
                0x00000000080090a6                USBD_LL_Suspend
 .text.USBD_LL_Resume
                0x00000000080090ce       0x2a ./Middlewares/ST/STM32_USB_Device_Library/Core/Src/usbd_core.o
                0x00000000080090ce                USBD_LL_Resume
 .text.USBD_LL_SOF
                0x00000000080090f8       0x34 ./Middlewares/ST/STM32_USB_Device_Library/Core/Src/usbd_core.o
                0x00000000080090f8                USBD_LL_SOF
 .text.USBD_StdDevReq
                0x000000000800912c       0xd4 ./Middlewares/ST/STM32_USB_Device_Library/Core/Src/usbd_ctlreq.o
                0x000000000800912c                USBD_StdDevReq
 .text.USBD_StdItfReq
                0x0000000008009200       0x90 ./Middlewares/ST/STM32_USB_Device_Library/Core/Src/usbd_ctlreq.o
                0x0000000008009200                USBD_StdItfReq
 .text.USBD_StdEPReq
                0x0000000008009290      0x2c6 ./Middlewares/ST/STM32_USB_Device_Library/Core/Src/usbd_ctlreq.o
                0x0000000008009290                USBD_StdEPReq
 *fill*         0x0000000008009556        0x2 
 .text.USBD_GetDescriptor
                0x0000000008009558      0x2d0 ./Middlewares/ST/STM32_USB_Device_Library/Core/Src/usbd_ctlreq.o
 .text.USBD_SetAddress
                0x0000000008009828       0x86 ./Middlewares/ST/STM32_USB_Device_Library/Core/Src/usbd_ctlreq.o
 *fill*         0x00000000080098ae        0x2 
 .text.USBD_SetConfig
                0x00000000080098b0      0x11c ./Middlewares/ST/STM32_USB_Device_Library/Core/Src/usbd_ctlreq.o
 .text.USBD_GetConfig
                0x00000000080099cc       0x6a ./Middlewares/ST/STM32_USB_Device_Library/Core/Src/usbd_ctlreq.o
 .text.USBD_GetStatus
                0x0000000008009a36       0x66 ./Middlewares/ST/STM32_USB_Device_Library/Core/Src/usbd_ctlreq.o
 .text.USBD_SetFeature
                0x0000000008009a9c       0x28 ./Middlewares/ST/STM32_USB_Device_Library/Core/Src/usbd_ctlreq.o
 .text.USBD_ClrFeature
                0x0000000008009ac4       0x42 ./Middlewares/ST/STM32_USB_Device_Library/Core/Src/usbd_ctlreq.o
 .text.USBD_ParseSetupRequest
                0x0000000008009b06       0x78 ./Middlewares/ST/STM32_USB_Device_Library/Core/Src/usbd_ctlreq.o
                0x0000000008009b06                USBD_ParseSetupRequest
 .text.USBD_CtlError
                0x0000000008009b7e       0x22 ./Middlewares/ST/STM32_USB_Device_Library/Core/Src/usbd_ctlreq.o
                0x0000000008009b7e                USBD_CtlError
 .text.USBD_GetString
                0x0000000008009ba0       0x84 ./Middlewares/ST/STM32_USB_Device_Library/Core/Src/usbd_ctlreq.o
                0x0000000008009ba0                USBD_GetString
 .text.USBD_GetLen
                0x0000000008009c24       0x2e ./Middlewares/ST/STM32_USB_Device_Library/Core/Src/usbd_ctlreq.o
 .text.USBD_CtlSendData
                0x0000000008009c52       0x38 ./Middlewares/ST/STM32_USB_Device_Library/Core/Src/usbd_ioreq.o
                0x0000000008009c52                USBD_CtlSendData
 .text.USBD_CtlContinueSendData
                0x0000000008009c8a       0x24 ./Middlewares/ST/STM32_USB_Device_Library/Core/Src/usbd_ioreq.o
                0x0000000008009c8a                USBD_CtlContinueSendData
 .text.USBD_CtlPrepareRx
                0x0000000008009cae       0x3c ./Middlewares/ST/STM32_USB_Device_Library/Core/Src/usbd_ioreq.o
                0x0000000008009cae                USBD_CtlPrepareRx
 .text.USBD_CtlContinueRx
                0x0000000008009cea       0x24 ./Middlewares/ST/STM32_USB_Device_Library/Core/Src/usbd_ioreq.o
                0x0000000008009cea                USBD_CtlContinueRx
 .text.USBD_CtlSendStatus
                0x0000000008009d0e       0x26 ./Middlewares/ST/STM32_USB_Device_Library/Core/Src/usbd_ioreq.o
                0x0000000008009d0e                USBD_CtlSendStatus
 .text.USBD_CtlReceiveStatus
                0x0000000008009d34       0x26 ./Middlewares/ST/STM32_USB_Device_Library/Core/Src/usbd_ioreq.o
                0x0000000008009d34                USBD_CtlReceiveStatus
 *fill*         0x0000000008009d5a        0x2 
 .text.MX_USB_DEVICE_Init
                0x0000000008009d5c       0x60 ./USB_DEVICE/App/usb_device.o
                0x0000000008009d5c                MX_USB_DEVICE_Init
 .text.CUSTOM_HID_Init_FS
                0x0000000008009dbc        0xe ./USB_DEVICE/App/usbd_custom_hid_if.o
 .text.CUSTOM_HID_DeInit_FS
                0x0000000008009dca        0xe ./USB_DEVICE/App/usbd_custom_hid_if.o
 .text.CUSTOM_HID_OutEvent_FS
                0x0000000008009dd8       0x30 ./USB_DEVICE/App/usbd_custom_hid_if.o
 .text.USBD_FS_DeviceDescriptor
                0x0000000008009e08       0x24 ./USB_DEVICE/App/usbd_desc.o
                0x0000000008009e08                USBD_FS_DeviceDescriptor
 .text.USBD_FS_LangIDStrDescriptor
                0x0000000008009e2c       0x24 ./USB_DEVICE/App/usbd_desc.o
                0x0000000008009e2c                USBD_FS_LangIDStrDescriptor
 .text.USBD_FS_ProductStrDescriptor
                0x0000000008009e50       0x3c ./USB_DEVICE/App/usbd_desc.o
                0x0000000008009e50                USBD_FS_ProductStrDescriptor
 .text.USBD_FS_ManufacturerStrDescriptor
                0x0000000008009e8c       0x28 ./USB_DEVICE/App/usbd_desc.o
                0x0000000008009e8c                USBD_FS_ManufacturerStrDescriptor
 .text.USBD_FS_SerialStrDescriptor
                0x0000000008009eb4       0x24 ./USB_DEVICE/App/usbd_desc.o
                0x0000000008009eb4                USBD_FS_SerialStrDescriptor
 .text.USBD_FS_ConfigStrDescriptor
                0x0000000008009ed8       0x3c ./USB_DEVICE/App/usbd_desc.o
                0x0000000008009ed8                USBD_FS_ConfigStrDescriptor
 .text.USBD_FS_InterfaceStrDescriptor
                0x0000000008009f14       0x3c ./USB_DEVICE/App/usbd_desc.o
                0x0000000008009f14                USBD_FS_InterfaceStrDescriptor
 .text.Get_SerialNum
                0x0000000008009f50       0x58 ./USB_DEVICE/App/usbd_desc.o
 .text.IntToUnicode
                0x0000000008009fa8       0x7c ./USB_DEVICE/App/usbd_desc.o
 .text.HAL_PCD_MspInit
                0x000000000800a024       0x4c ./USB_DEVICE/Target/usbd_conf.o
                0x000000000800a024                HAL_PCD_MspInit
 .text.HAL_PCD_SetupStageCallback
                0x000000000800a070       0x24 ./USB_DEVICE/Target/usbd_conf.o
                0x000000000800a070                HAL_PCD_SetupStageCallback
 .text.HAL_PCD_DataOutStageCallback
                0x000000000800a094       0x36 ./USB_DEVICE/Target/usbd_conf.o
                0x000000000800a094                HAL_PCD_DataOutStageCallback
 .text.HAL_PCD_DataInStageCallback
                0x000000000800a0ca       0x34 ./USB_DEVICE/Target/usbd_conf.o
                0x000000000800a0ca                HAL_PCD_DataInStageCallback
 .text.HAL_PCD_SOFCallback
                0x000000000800a0fe       0x1c ./USB_DEVICE/Target/usbd_conf.o
                0x000000000800a0fe                HAL_PCD_SOFCallback
 .text.HAL_PCD_ResetCallback
                0x000000000800a11a       0x3c ./USB_DEVICE/Target/usbd_conf.o
                0x000000000800a11a                HAL_PCD_ResetCallback
 *fill*         0x000000000800a156        0x2 
 .text.HAL_PCD_SuspendCallback
                0x000000000800a158       0x34 ./USB_DEVICE/Target/usbd_conf.o
                0x000000000800a158                HAL_PCD_SuspendCallback
 .text.HAL_PCD_ResumeCallback
                0x000000000800a18c       0x1c ./USB_DEVICE/Target/usbd_conf.o
                0x000000000800a18c                HAL_PCD_ResumeCallback
 .text.USBD_LL_Init
                0x000000000800a1a8       0xa0 ./USB_DEVICE/Target/usbd_conf.o
                0x000000000800a1a8                USBD_LL_Init
 .text.USBD_LL_Start
                0x000000000800a248       0x36 ./USB_DEVICE/Target/usbd_conf.o
                0x000000000800a248                USBD_LL_Start
 .text.USBD_LL_OpenEP
                0x000000000800a27e       0x4c ./USB_DEVICE/Target/usbd_conf.o
                0x000000000800a27e                USBD_LL_OpenEP
 .text.USBD_LL_CloseEP
                0x000000000800a2ca       0x3e ./USB_DEVICE/Target/usbd_conf.o
                0x000000000800a2ca                USBD_LL_CloseEP
 .text.USBD_LL_StallEP
                0x000000000800a308       0x3e ./USB_DEVICE/Target/usbd_conf.o
                0x000000000800a308                USBD_LL_StallEP
 .text.USBD_LL_ClearStallEP
                0x000000000800a346       0x3e ./USB_DEVICE/Target/usbd_conf.o
                0x000000000800a346                USBD_LL_ClearStallEP
 .text.USBD_LL_IsStallEP
                0x000000000800a384       0x58 ./USB_DEVICE/Target/usbd_conf.o
                0x000000000800a384                USBD_LL_IsStallEP
 .text.USBD_LL_SetUSBAddress
                0x000000000800a3dc       0x3e ./USB_DEVICE/Target/usbd_conf.o
                0x000000000800a3dc                USBD_LL_SetUSBAddress
 .text.USBD_LL_Transmit
                0x000000000800a41a       0x46 ./USB_DEVICE/Target/usbd_conf.o
                0x000000000800a41a                USBD_LL_Transmit
 .text.USBD_LL_PrepareReceive
                0x000000000800a460       0x46 ./USB_DEVICE/Target/usbd_conf.o
                0x000000000800a460                USBD_LL_PrepareReceive
 *fill*         0x000000000800a4a6        0x2 
 .text.USBD_static_malloc
                0x000000000800a4a8       0x18 ./USB_DEVICE/Target/usbd_conf.o
                0x000000000800a4a8                USBD_static_malloc
 .text.USBD_static_free
                0x000000000800a4c0       0x12 ./USB_DEVICE/Target/usbd_conf.o
                0x000000000800a4c0                USBD_static_free
 .text.HAL_PCDEx_SetConnectionState
                0x000000000800a4d2       0x16 ./USB_DEVICE/Target/usbd_conf.o
                0x000000000800a4d2                HAL_PCDEx_SetConnectionState
 .text.USBD_Get_USB_Status
                0x000000000800a4e8       0x58 ./USB_DEVICE/Target/usbd_conf.o
 .text.__libc_init_array
                0x000000000800a540       0x48 c:/direct/st/stm32cubeide_1.9.0/stm32cubeide/plugins/com.st.stm32cube.ide.mcu.externaltools.gnu-tools-for-stm32.10.3-2021.10.win32_1.0.0.202111181127/tools/bin/../lib/gcc/arm-none-eabi/10.3.1/../../../../arm-none-eabi/lib/thumb/v7-m/nofp\libc_nano.a(lib_a-init.o)
                0x000000000800a540                __libc_init_array
 .text.memset   0x000000000800a588       0x10 c:/direct/st/stm32cubeide_1.9.0/stm32cubeide/plugins/com.st.stm32cube.ide.mcu.externaltools.gnu-tools-for-stm32.10.3-2021.10.win32_1.0.0.202111181127/tools/bin/../lib/gcc/arm-none-eabi/10.3.1/../../../../arm-none-eabi/lib/thumb/v7-m/nofp\libc_nano.a(lib_a-memset.o)
                0x000000000800a588                memset
 *(.glue_7)
 .glue_7        0x000000000800a598        0x0 linker stubs
 *(.glue_7t)
 .glue_7t       0x000000000800a598        0x0 linker stubs
 *(.eh_frame)
 .eh_frame      0x000000000800a598        0x0 c:/direct/st/stm32cubeide_1.9.0/stm32cubeide/plugins/com.st.stm32cube.ide.mcu.externaltools.gnu-tools-for-stm32.10.3-2021.10.win32_1.0.0.202111181127/tools/bin/../lib/gcc/arm-none-eabi/10.3.1/thumb/v7-m/nofp/crtbegin.o
 *(.init)
 .init          0x000000000800a598        0x4 c:/direct/st/stm32cubeide_1.9.0/stm32cubeide/plugins/com.st.stm32cube.ide.mcu.externaltools.gnu-tools-for-stm32.10.3-2021.10.win32_1.0.0.202111181127/tools/bin/../lib/gcc/arm-none-eabi/10.3.1/thumb/v7-m/nofp/crti.o
                0x000000000800a598                _init
 .init          0x000000000800a59c        0x8 c:/direct/st/stm32cubeide_1.9.0/stm32cubeide/plugins/com.st.stm32cube.ide.mcu.externaltools.gnu-tools-for-stm32.10.3-2021.10.win32_1.0.0.202111181127/tools/bin/../lib/gcc/arm-none-eabi/10.3.1/thumb/v7-m/nofp/crtn.o
 *(.fini)
 .fini          0x000000000800a5a4        0x4 c:/direct/st/stm32cubeide_1.9.0/stm32cubeide/plugins/com.st.stm32cube.ide.mcu.externaltools.gnu-tools-for-stm32.10.3-2021.10.win32_1.0.0.202111181127/tools/bin/../lib/gcc/arm-none-eabi/10.3.1/thumb/v7-m/nofp/crti.o
                0x000000000800a5a4                _fini
 .fini          0x000000000800a5a8        0x8 c:/direct/st/stm32cubeide_1.9.0/stm32cubeide/plugins/com.st.stm32cube.ide.mcu.externaltools.gnu-tools-for-stm32.10.3-2021.10.win32_1.0.0.202111181127/tools/bin/../lib/gcc/arm-none-eabi/10.3.1/thumb/v7-m/nofp/crtn.o
                0x000000000800a5b0                . = ALIGN (0x4)
                0x000000000800a5b0                _etext = .

.vfp11_veneer   0x000000000800a5b0        0x0
 .vfp11_veneer  0x000000000800a5b0        0x0 linker stubs

.v4_bx          0x000000000800a5b0        0x0
 .v4_bx         0x000000000800a5b0        0x0 linker stubs

.iplt           0x000000000800a5b0        0x0
 .iplt          0x000000000800a5b0        0x0 c:/direct/st/stm32cubeide_1.9.0/stm32cubeide/plugins/com.st.stm32cube.ide.mcu.externaltools.gnu-tools-for-stm32.10.3-2021.10.win32_1.0.0.202111181127/tools/bin/../lib/gcc/arm-none-eabi/10.3.1/thumb/v7-m/nofp/crtbegin.o

.rodata         0x000000000800a5b0       0x78
                0x000000000800a5b0                . = ALIGN (0x4)
 *(.rodata)
 .rodata        0x000000000800a5b0       0x10 ./Drivers/STM32F1xx_HAL_Driver/Src/stm32f1xx_hal_rcc.o
 .rodata        0x000000000800a5c0       0x10 ./Drivers/STM32F1xx_HAL_Driver/Src/stm32f1xx_hal_rcc_ex.o
 .rodata        0x000000000800a5d0       0x3e ./USB_DEVICE/App/usbd_desc.o
 *(.rodata*)
 *fill*         0x000000000800a60e        0x2 
 .rodata.AHBPrescTable
                0x000000000800a610       0x10 ./Core/Src/system_stm32f1xx.o
                0x000000000800a610                AHBPrescTable
 .rodata.APBPrescTable
                0x000000000800a620        0x8 ./Core/Src/system_stm32f1xx.o
                0x000000000800a620                APBPrescTable
                0x000000000800a628                . = ALIGN (0x4)

.ARM.extab      0x000000000800a628        0x0
                0x000000000800a628                . = ALIGN (0x4)
 *(.ARM.extab* .gnu.linkonce.armextab.*)
                0x000000000800a628                . = ALIGN (0x4)

.ARM            0x000000000800a628        0x8
                0x000000000800a628                . = ALIGN (0x4)
                0x000000000800a628                __exidx_start = .
 *(.ARM.exidx*)
 .ARM.exidx     0x000000000800a628        0x8 c:/direct/st/stm32cubeide_1.9.0/stm32cubeide/plugins/com.st.stm32cube.ide.mcu.externaltools.gnu-tools-for-stm32.10.3-2021.10.win32_1.0.0.202111181127/tools/bin/../lib/gcc/arm-none-eabi/10.3.1/thumb/v7-m/nofp\libgcc.a(_udivmoddi4.o)
                0x000000000800a630                __exidx_end = .
                0x000000000800a630                . = ALIGN (0x4)

.rel.dyn        0x000000000800a630        0x0
 .rel.iplt      0x000000000800a630        0x0 c:/direct/st/stm32cubeide_1.9.0/stm32cubeide/plugins/com.st.stm32cube.ide.mcu.externaltools.gnu-tools-for-stm32.10.3-2021.10.win32_1.0.0.202111181127/tools/bin/../lib/gcc/arm-none-eabi/10.3.1/thumb/v7-m/nofp/crtbegin.o

.preinit_array  0x000000000800a630        0x0
                0x000000000800a630                . = ALIGN (0x4)
                0x000000000800a630                PROVIDE (__preinit_array_start = .)
 *(.preinit_array*)
                0x000000000800a630                PROVIDE (__preinit_array_end = .)
                0x000000000800a630                . = ALIGN (0x4)

.init_array     0x000000000800a630        0x4
                0x000000000800a630                . = ALIGN (0x4)
                0x000000000800a630                PROVIDE (__init_array_start = .)
 *(SORT_BY_NAME(.init_array.*))
 *(.init_array*)
 .init_array    0x000000000800a630        0x4 c:/direct/st/stm32cubeide_1.9.0/stm32cubeide/plugins/com.st.stm32cube.ide.mcu.externaltools.gnu-tools-for-stm32.10.3-2021.10.win32_1.0.0.202111181127/tools/bin/../lib/gcc/arm-none-eabi/10.3.1/thumb/v7-m/nofp/crtbegin.o
                0x000000000800a634                PROVIDE (__init_array_end = .)
                0x000000000800a634                . = ALIGN (0x4)

.fini_array     0x000000000800a634        0x4
                0x000000000800a634                . = ALIGN (0x4)
                [!provide]                        PROVIDE (__fini_array_start = .)
 *(SORT_BY_NAME(.fini_array.*))
 *(.fini_array*)
 .fini_array    0x000000000800a634        0x4 c:/direct/st/stm32cubeide_1.9.0/stm32cubeide/plugins/com.st.stm32cube.ide.mcu.externaltools.gnu-tools-for-stm32.10.3-2021.10.win32_1.0.0.202111181127/tools/bin/../lib/gcc/arm-none-eabi/10.3.1/thumb/v7-m/nofp/crtbegin.o
                [!provide]                        PROVIDE (__fini_array_end = .)
                0x000000000800a638                . = ALIGN (0x4)
                0x000000000800a638                _sidata = LOADADDR (.data)

.data           0x0000000020000000      0x188 load address 0x000000000800a638
                0x0000000020000000                . = ALIGN (0x4)
                0x0000000020000000                _sdata = .
 *(.data)
 *(.data*)
 .data.usb_brightness
                0x0000000020000000        0x1 ./Core/Src/App/usb.o
 *fill*         0x0000000020000001        0x3 
 .data.SystemCoreClock
                0x0000000020000004        0x4 ./Core/Src/system_stm32f1xx.o
                0x0000000020000004                SystemCoreClock
 .data.uwTickPrio
                0x0000000020000008        0x4 ./Drivers/STM32F1xx_HAL_Driver/Src/stm32f1xx_hal.o
                0x0000000020000008                uwTickPrio
 .data.uwTickFreq
                0x000000002000000c        0x1 ./Drivers/STM32F1xx_HAL_Driver/Src/stm32f1xx_hal.o
                0x000000002000000c                uwTickFreq
 *fill*         0x000000002000000d        0x3 
 .data.USBD_CUSTOM_HID
                0x0000000020000010       0x38 ./Middlewares/ST/STM32_USB_Device_Library/Class/CustomHID/Src/usbd_customhid.o
                0x0000000020000010                USBD_CUSTOM_HID
 .data.USBD_CUSTOM_HID_CfgFSDesc
                0x0000000020000048       0x29 ./Middlewares/ST/STM32_USB_Device_Library/Class/CustomHID/Src/usbd_customhid.o
 *fill*         0x0000000020000071        0x3 
 .data.USBD_CUSTOM_HID_CfgHSDesc
                0x0000000020000074       0x29 ./Middlewares/ST/STM32_USB_Device_Library/Class/CustomHID/Src/usbd_customhid.o
 *fill*         0x000000002000009d        0x3 
 .data.USBD_CUSTOM_HID_OtherSpeedCfgDesc
                0x00000000200000a0       0x29 ./Middlewares/ST/STM32_USB_Device_Library/Class/CustomHID/Src/usbd_customhid.o
 *fill*         0x00000000200000c9        0x3 
 .data.USBD_CUSTOM_HID_Desc
                0x00000000200000cc        0x9 ./Middlewares/ST/STM32_USB_Device_Library/Class/CustomHID/Src/usbd_customhid.o
 *fill*         0x00000000200000d5        0x3 
 .data.USBD_CUSTOM_HID_DeviceQualifierDesc
                0x00000000200000d8        0xa ./Middlewares/ST/STM32_USB_Device_Library/Class/CustomHID/Src/usbd_customhid.o
 *fill*         0x00000000200000e2        0x2 
 .data.CUSTOM_HID_ReportDesc_FS
                0x00000000200000e4       0x43 ./USB_DEVICE/App/usbd_custom_hid_if.o
 *fill*         0x0000000020000127        0x1 
 .data.USBD_CustomHID_fops_FS
                0x0000000020000128       0x10 ./USB_DEVICE/App/usbd_custom_hid_if.o
                0x0000000020000128                USBD_CustomHID_fops_FS
 .data.FS_Desc  0x0000000020000138       0x1c ./USB_DEVICE/App/usbd_desc.o
                0x0000000020000138                FS_Desc
 .data.USBD_FS_DeviceDesc
                0x0000000020000154       0x12 ./USB_DEVICE/App/usbd_desc.o
                0x0000000020000154                USBD_FS_DeviceDesc
 *fill*         0x0000000020000166        0x2 
 .data.USBD_LangIDDesc
                0x0000000020000168        0x4 ./USB_DEVICE/App/usbd_desc.o
                0x0000000020000168                USBD_LangIDDesc
 .data.USBD_StringSerial
                0x000000002000016c       0x1a ./USB_DEVICE/App/usbd_desc.o
                0x000000002000016c                USBD_StringSerial
                0x0000000020000188                . = ALIGN (0x4)
 *fill*         0x0000000020000186        0x2 
                0x0000000020000188                _edata = .

.igot.plt       0x0000000020000188        0x0 load address 0x000000000800a7c0
 .igot.plt      0x0000000020000188        0x0 c:/direct/st/stm32cubeide_1.9.0/stm32cubeide/plugins/com.st.stm32cube.ide.mcu.externaltools.gnu-tools-for-stm32.10.3-2021.10.win32_1.0.0.202111181127/tools/bin/../lib/gcc/arm-none-eabi/10.3.1/thumb/v7-m/nofp/crtbegin.o
                0x0000000020000188                . = ALIGN (0x4)

.bss            0x0000000020000188      0xa8c load address 0x000000000800a7c0
                0x0000000020000188                _sbss = .
                0x0000000020000188                __bss_start__ = _sbss
 *(.bss)
 .bss           0x0000000020000188       0x1c c:/direct/st/stm32cubeide_1.9.0/stm32cubeide/plugins/com.st.stm32cube.ide.mcu.externaltools.gnu-tools-for-stm32.10.3-2021.10.win32_1.0.0.202111181127/tools/bin/../lib/gcc/arm-none-eabi/10.3.1/thumb/v7-m/nofp/crtbegin.o
 *(.bss*)
 .bss.app       0x00000000200001a4        0x5 ./Core/Src/App/app.o
                0x00000000200001a4                app
 .bss.buttons_pressed_1
                0x00000000200001a9        0x1 ./Core/Src/App/buttons.o
 .bss.buttons_pressed_2
                0x00000000200001aa        0x1 ./Core/Src/App/buttons.o
 *fill*         0x00000000200001ab        0x1 
 .bss.resistors
                0x00000000200001ac      0x196 ./Core/Src/App/resistors.o
                0x00000000200001ac                resistors
 .bss.usb_received
                0x0000000020000342        0x1 ./Core/Src/App/usb.o
 *fill*         0x0000000020000343        0x1 
 .bss.usb_report
                0x0000000020000344        0x4 ./Core/Src/App/usb.o
 .bss.hadc1     0x0000000020000348       0x30 ./Core/Src/main.o
                0x0000000020000348                hadc1
 .bss.hdma_adc1
                0x0000000020000378       0x44 ./Core/Src/main.o
                0x0000000020000378                hdma_adc1
 .bss.htim3     0x00000000200003bc       0x48 ./Core/Src/main.o
                0x00000000200003bc                htim3
 .bss.uwTick    0x0000000020000404        0x4 ./Drivers/STM32F1xx_HAL_Driver/Src/stm32f1xx_hal.o
                0x0000000020000404                uwTick
 .bss.cfgidx.0  0x0000000020000408        0x1 ./Middlewares/ST/STM32_USB_Device_Library/Core/Src/usbd_ctlreq.o
 *fill*         0x0000000020000409        0x3 
 .bss.hUsbDeviceFS
                0x000000002000040c      0x2c4 ./USB_DEVICE/App/usb_device.o
                0x000000002000040c                hUsbDeviceFS
 .bss.USBD_StrDesc
                0x00000000200006d0      0x200 ./USB_DEVICE/App/usbd_desc.o
                0x00000000200006d0                USBD_StrDesc
 .bss.hpcd_USB_FS
                0x00000000200008d0      0x2ec ./USB_DEVICE/Target/usbd_conf.o
                0x00000000200008d0                hpcd_USB_FS
 .bss.mem.0     0x0000000020000bbc       0x58 ./USB_DEVICE/Target/usbd_conf.o
 *(COMMON)
                0x0000000020000c14                . = ALIGN (0x4)
                0x0000000020000c14                _ebss = .
                0x0000000020000c14                __bss_end__ = _ebss

._user_heap_stack
                0x0000000020000c14      0x604 load address 0x000000000800a7c0
                0x0000000020000c18                . = ALIGN (0x8)
 *fill*         0x0000000020000c14        0x4 
                0x0000000020000c18                PROVIDE (end = .)
                [!provide]                        PROVIDE (_end = .)
                0x0000000020000e18                . = (. + _Min_Heap_Size)
 *fill*         0x0000000020000c18      0x200 
                0x0000000020001218                . = (. + _Min_Stack_Size)
 *fill*         0x0000000020000e18      0x400 
                0x0000000020001218                . = ALIGN (0x8)

/DISCARD/
 libc.a(*)
 libm.a(*)
 libgcc.a(*)

.ARM.attributes
                0x0000000000000000       0x29
 *(.ARM.attributes)
 .ARM.attributes
                0x0000000000000000       0x1d c:/direct/st/stm32cubeide_1.9.0/stm32cubeide/plugins/com.st.stm32cube.ide.mcu.externaltools.gnu-tools-for-stm32.10.3-2021.10.win32_1.0.0.202111181127/tools/bin/../lib/gcc/arm-none-eabi/10.3.1/thumb/v7-m/nofp/crti.o
 .ARM.attributes
                0x000000000000001d       0x2d c:/direct/st/stm32cubeide_1.9.0/stm32cubeide/plugins/com.st.stm32cube.ide.mcu.externaltools.gnu-tools-for-stm32.10.3-2021.10.win32_1.0.0.202111181127/tools/bin/../lib/gcc/arm-none-eabi/10.3.1/thumb/v7-m/nofp/crtbegin.o
 .ARM.attributes
                0x000000000000004a       0x2d ./Core/Src/App/app.o
 .ARM.attributes
                0x0000000000000077       0x2d ./Core/Src/App/backlight.o
 .ARM.attributes
                0x00000000000000a4       0x2d ./Core/Src/App/buttons.o
 .ARM.attributes
                0x00000000000000d1       0x2d ./Core/Src/App/interrupts.o
 .ARM.attributes
                0x00000000000000fe       0x2d ./Core/Src/App/resistors.o
 .ARM.attributes
                0x000000000000012b       0x2d ./Core/Src/App/usb.o
 .ARM.attributes
                0x0000000000000158       0x2d ./Core/Src/main.o
 .ARM.attributes
                0x0000000000000185       0x2d ./Core/Src/stm32f1xx_hal_msp.o
 .ARM.attributes
                0x00000000000001b2       0x2d ./Core/Src/stm32f1xx_it.o
 .ARM.attributes
                0x00000000000001df       0x2d ./Core/Src/system_stm32f1xx.o
 .ARM.attributes
                0x000000000000020c       0x21 ./Core/Startup/startup_stm32f103c8tx.o
 .ARM.attributes
                0x000000000000022d       0x2d ./Drivers/STM32F1xx_HAL_Driver/Src/stm32f1xx_hal.o
 .ARM.attributes
                0x000000000000025a       0x2d ./Drivers/STM32F1xx_HAL_Driver/Src/stm32f1xx_hal_adc.o
 .ARM.attributes
                0x0000000000000287       0x2d ./Drivers/STM32F1xx_HAL_Driver/Src/stm32f1xx_hal_adc_ex.o
 .ARM.attributes
                0x00000000000002b4       0x2d ./Drivers/STM32F1xx_HAL_Driver/Src/stm32f1xx_hal_cortex.o
 .ARM.attributes
                0x00000000000002e1       0x2d ./Drivers/STM32F1xx_HAL_Driver/Src/stm32f1xx_hal_dma.o
 .ARM.attributes
                0x000000000000030e       0x2d ./Drivers/STM32F1xx_HAL_Driver/Src/stm32f1xx_hal_gpio.o
 .ARM.attributes
                0x000000000000033b       0x2d ./Drivers/STM32F1xx_HAL_Driver/Src/stm32f1xx_hal_pcd.o
 .ARM.attributes
                0x0000000000000368       0x2d ./Drivers/STM32F1xx_HAL_Driver/Src/stm32f1xx_hal_pcd_ex.o
 .ARM.attributes
                0x0000000000000395       0x2d ./Drivers/STM32F1xx_HAL_Driver/Src/stm32f1xx_hal_rcc.o
 .ARM.attributes
                0x00000000000003c2       0x2d ./Drivers/STM32F1xx_HAL_Driver/Src/stm32f1xx_hal_rcc_ex.o
 .ARM.attributes
                0x00000000000003ef       0x2d ./Drivers/STM32F1xx_HAL_Driver/Src/stm32f1xx_hal_tim.o
 .ARM.attributes
                0x000000000000041c       0x2d ./Drivers/STM32F1xx_HAL_Driver/Src/stm32f1xx_hal_tim_ex.o
 .ARM.attributes
                0x0000000000000449       0x2d ./Drivers/STM32F1xx_HAL_Driver/Src/stm32f1xx_ll_usb.o
 .ARM.attributes
                0x0000000000000476       0x2d ./Middlewares/ST/STM32_USB_Device_Library/Class/CustomHID/Src/usbd_customhid.o
 .ARM.attributes
                0x00000000000004a3       0x2d ./Middlewares/ST/STM32_USB_Device_Library/Core/Src/usbd_core.o
 .ARM.attributes
                0x00000000000004d0       0x2d ./Middlewares/ST/STM32_USB_Device_Library/Core/Src/usbd_ctlreq.o
 .ARM.attributes
                0x00000000000004fd       0x2d ./Middlewares/ST/STM32_USB_Device_Library/Core/Src/usbd_ioreq.o
 .ARM.attributes
                0x000000000000052a       0x2d ./USB_DEVICE/App/usb_device.o
 .ARM.attributes
                0x0000000000000557       0x2d ./USB_DEVICE/App/usbd_custom_hid_if.o
 .ARM.attributes
                0x0000000000000584       0x2d ./USB_DEVICE/App/usbd_desc.o
 .ARM.attributes
                0x00000000000005b1       0x2d ./USB_DEVICE/Target/usbd_conf.o
 .ARM.attributes
                0x00000000000005de       0x2d c:/direct/st/stm32cubeide_1.9.0/stm32cubeide/plugins/com.st.stm32cube.ide.mcu.externaltools.gnu-tools-for-stm32.10.3-2021.10.win32_1.0.0.202111181127/tools/bin/../lib/gcc/arm-none-eabi/10.3.1/../../../../arm-none-eabi/lib/thumb/v7-m/nofp\libc_nano.a(lib_a-init.o)
 .ARM.attributes
                0x000000000000060b       0x2d c:/direct/st/stm32cubeide_1.9.0/stm32cubeide/plugins/com.st.stm32cube.ide.mcu.externaltools.gnu-tools-for-stm32.10.3-2021.10.win32_1.0.0.202111181127/tools/bin/../lib/gcc/arm-none-eabi/10.3.1/../../../../arm-none-eabi/lib/thumb/v7-m/nofp\libc_nano.a(lib_a-memset.o)
 .ARM.attributes
                0x0000000000000638       0x1d c:/direct/st/stm32cubeide_1.9.0/stm32cubeide/plugins/com.st.stm32cube.ide.mcu.externaltools.gnu-tools-for-stm32.10.3-2021.10.win32_1.0.0.202111181127/tools/bin/../lib/gcc/arm-none-eabi/10.3.1/thumb/v7-m/nofp\libgcc.a(_arm_addsubsf3.o)
 .ARM.attributes
                0x0000000000000655       0x1d c:/direct/st/stm32cubeide_1.9.0/stm32cubeide/plugins/com.st.stm32cube.ide.mcu.externaltools.gnu-tools-for-stm32.10.3-2021.10.win32_1.0.0.202111181127/tools/bin/../lib/gcc/arm-none-eabi/10.3.1/thumb/v7-m/nofp\libgcc.a(_arm_muldivsf3.o)
 .ARM.attributes
                0x0000000000000672       0x1d c:/direct/st/stm32cubeide_1.9.0/stm32cubeide/plugins/com.st.stm32cube.ide.mcu.externaltools.gnu-tools-for-stm32.10.3-2021.10.win32_1.0.0.202111181127/tools/bin/../lib/gcc/arm-none-eabi/10.3.1/thumb/v7-m/nofp\libgcc.a(_arm_fixsfsi.o)
 .ARM.attributes
                0x000000000000068f       0x1d c:/direct/st/stm32cubeide_1.9.0/stm32cubeide/plugins/com.st.stm32cube.ide.mcu.externaltools.gnu-tools-for-stm32.10.3-2021.10.win32_1.0.0.202111181127/tools/bin/../lib/gcc/arm-none-eabi/10.3.1/thumb/v7-m/nofp\libgcc.a(_aeabi_uldivmod.o)
 .ARM.attributes
                0x00000000000006ac       0x2d c:/direct/st/stm32cubeide_1.9.0/stm32cubeide/plugins/com.st.stm32cube.ide.mcu.externaltools.gnu-tools-for-stm32.10.3-2021.10.win32_1.0.0.202111181127/tools/bin/../lib/gcc/arm-none-eabi/10.3.1/thumb/v7-m/nofp\libgcc.a(_udivmoddi4.o)
 .ARM.attributes
                0x00000000000006d9       0x1d c:/direct/st/stm32cubeide_1.9.0/stm32cubeide/plugins/com.st.stm32cube.ide.mcu.externaltools.gnu-tools-for-stm32.10.3-2021.10.win32_1.0.0.202111181127/tools/bin/../lib/gcc/arm-none-eabi/10.3.1/thumb/v7-m/nofp\libgcc.a(_dvmd_tls.o)
 .ARM.attributes
                0x00000000000006f6       0x1d c:/direct/st/stm32cubeide_1.9.0/stm32cubeide/plugins/com.st.stm32cube.ide.mcu.externaltools.gnu-tools-for-stm32.10.3-2021.10.win32_1.0.0.202111181127/tools/bin/../lib/gcc/arm-none-eabi/10.3.1/thumb/v7-m/nofp/crtn.o
OUTPUT(FlightStick.elf elf32-littlearm)
LOAD linker stubs
LOAD c:/direct/st/stm32cubeide_1.9.0/stm32cubeide/plugins/com.st.stm32cube.ide.mcu.externaltools.gnu-tools-for-stm32.10.3-2021.10.win32_1.0.0.202111181127/tools/bin/../lib/gcc/arm-none-eabi/10.3.1/../../../../arm-none-eabi/lib/thumb/v7-m/nofp\libc.a
LOAD c:/direct/st/stm32cubeide_1.9.0/stm32cubeide/plugins/com.st.stm32cube.ide.mcu.externaltools.gnu-tools-for-stm32.10.3-2021.10.win32_1.0.0.202111181127/tools/bin/../lib/gcc/arm-none-eabi/10.3.1/../../../../arm-none-eabi/lib/thumb/v7-m/nofp\libm.a
LOAD c:/direct/st/stm32cubeide_1.9.0/stm32cubeide/plugins/com.st.stm32cube.ide.mcu.externaltools.gnu-tools-for-stm32.10.3-2021.10.win32_1.0.0.202111181127/tools/bin/../lib/gcc/arm-none-eabi/10.3.1/thumb/v7-m/nofp\libgcc.a

.debug_info     0x0000000000000000    0x15809
 .debug_info    0x0000000000000000      0x225 ./Core/Src/App/app.o
 .debug_info    0x0000000000000225      0x70c ./Core/Src/App/backlight.o
 .debug_info    0x0000000000000931      0x291 ./Core/Src/App/buttons.o
 .debug_info    0x0000000000000bc2      0x56c ./Core/Src/App/interrupts.o
 .debug_info    0x000000000000112e      0x6eb ./Core/Src/App/resistors.o
 .debug_info    0x0000000000001819      0x659 ./Core/Src/App/usb.o
 .debug_info    0x0000000000001e72     0x112e ./Core/Src/main.o
 .debug_info    0x0000000000002fa0      0xe13 ./Core/Src/stm32f1xx_hal_msp.o
 .debug_info    0x0000000000003db3      0xb25 ./Core/Src/stm32f1xx_it.o
 .debug_info    0x00000000000048d8      0x3f8 ./Core/Src/system_stm32f1xx.o
 .debug_info    0x0000000000004cd0       0x22 ./Core/Startup/startup_stm32f103c8tx.o
 .debug_info    0x0000000000004cf2      0x734 ./Drivers/STM32F1xx_HAL_Driver/Src/stm32f1xx_hal.o
 .debug_info    0x0000000000005426      0xcd9 ./Drivers/STM32F1xx_HAL_Driver/Src/stm32f1xx_hal_adc.o
 .debug_info    0x00000000000060ff      0xa8f ./Drivers/STM32F1xx_HAL_Driver/Src/stm32f1xx_hal_adc_ex.o
 .debug_info    0x0000000000006b8e      0xb20 ./Drivers/STM32F1xx_HAL_Driver/Src/stm32f1xx_hal_cortex.o
 .debug_info    0x00000000000076ae      0x73f ./Drivers/STM32F1xx_HAL_Driver/Src/stm32f1xx_hal_dma.o
 .debug_info    0x0000000000007ded      0x615 ./Drivers/STM32F1xx_HAL_Driver/Src/stm32f1xx_hal_gpio.o
 .debug_info    0x0000000000008402     0x16ab ./Drivers/STM32F1xx_HAL_Driver/Src/stm32f1xx_hal_pcd.o
 .debug_info    0x0000000000009aad      0x728 ./Drivers/STM32F1xx_HAL_Driver/Src/stm32f1xx_hal_pcd_ex.o
 .debug_info    0x000000000000a1d5      0x860 ./Drivers/STM32F1xx_HAL_Driver/Src/stm32f1xx_hal_rcc.o
 .debug_info    0x000000000000aa35      0x3e0 ./Drivers/STM32F1xx_HAL_Driver/Src/stm32f1xx_hal_rcc_ex.o
 .debug_info    0x000000000000ae15     0x29de ./Drivers/STM32F1xx_HAL_Driver/Src/stm32f1xx_hal_tim.o
 .debug_info    0x000000000000d7f3     0x1513 ./Drivers/STM32F1xx_HAL_Driver/Src/stm32f1xx_hal_tim_ex.o
 .debug_info    0x000000000000ed06     0x190d ./Drivers/STM32F1xx_HAL_Driver/Src/stm32f1xx_ll_usb.o
 .debug_info    0x0000000000010613      0xb29 ./Middlewares/ST/STM32_USB_Device_Library/Class/CustomHID/Src/usbd_customhid.o
 .debug_info    0x000000000001113c      0xb02 ./Middlewares/ST/STM32_USB_Device_Library/Core/Src/usbd_core.o
 .debug_info    0x0000000000011c3e      0x9b6 ./Middlewares/ST/STM32_USB_Device_Library/Core/Src/usbd_ctlreq.o
 .debug_info    0x00000000000125f4      0x715 ./Middlewares/ST/STM32_USB_Device_Library/Core/Src/usbd_ioreq.o
 .debug_info    0x0000000000012d09      0x654 ./USB_DEVICE/App/usb_device.o
 .debug_info    0x000000000001335d      0x6f0 ./USB_DEVICE/App/usbd_custom_hid_if.o
 .debug_info    0x0000000000013a4d      0x484 ./USB_DEVICE/App/usbd_desc.o
 .debug_info    0x0000000000013ed1     0x1938 ./USB_DEVICE/Target/usbd_conf.o

.debug_abbrev   0x0000000000000000     0x3da1
 .debug_abbrev  0x0000000000000000      0x103 ./Core/Src/App/app.o
 .debug_abbrev  0x0000000000000103      0x1c6 ./Core/Src/App/backlight.o
 .debug_abbrev  0x00000000000002c9      0x14f ./Core/Src/App/buttons.o
 .debug_abbrev  0x0000000000000418      0x15b ./Core/Src/App/interrupts.o
 .debug_abbrev  0x0000000000000573      0x1d1 ./Core/Src/App/resistors.o
 .debug_abbrev  0x0000000000000744      0x206 ./Core/Src/App/usb.o
 .debug_abbrev  0x000000000000094a      0x296 ./Core/Src/main.o
 .debug_abbrev  0x0000000000000be0      0x21e ./Core/Src/stm32f1xx_hal_msp.o
 .debug_abbrev  0x0000000000000dfe      0x1d1 ./Core/Src/stm32f1xx_it.o
 .debug_abbrev  0x0000000000000fcf      0x13b ./Core/Src/system_stm32f1xx.o
 .debug_abbrev  0x000000000000110a       0x12 ./Core/Startup/startup_stm32f103c8tx.o
 .debug_abbrev  0x000000000000111c      0x1fb ./Drivers/STM32F1xx_HAL_Driver/Src/stm32f1xx_hal.o
 .debug_abbrev  0x0000000000001317      0x210 ./Drivers/STM32F1xx_HAL_Driver/Src/stm32f1xx_hal_adc.o
 .debug_abbrev  0x0000000000001527      0x234 ./Drivers/STM32F1xx_HAL_Driver/Src/stm32f1xx_hal_adc_ex.o
 .debug_abbrev  0x000000000000175b      0x2ed ./Drivers/STM32F1xx_HAL_Driver/Src/stm32f1xx_hal_cortex.o
 .debug_abbrev  0x0000000000001a48      0x1fe ./Drivers/STM32F1xx_HAL_Driver/Src/stm32f1xx_hal_dma.o
 .debug_abbrev  0x0000000000001c46      0x1bb ./Drivers/STM32F1xx_HAL_Driver/Src/stm32f1xx_hal_gpio.o
 .debug_abbrev  0x0000000000001e01      0x2b9 ./Drivers/STM32F1xx_HAL_Driver/Src/stm32f1xx_hal_pcd.o
 .debug_abbrev  0x00000000000020ba      0x17f ./Drivers/STM32F1xx_HAL_Driver/Src/stm32f1xx_hal_pcd_ex.o
 .debug_abbrev  0x0000000000002239      0x2a8 ./Drivers/STM32F1xx_HAL_Driver/Src/stm32f1xx_hal_rcc.o
 .debug_abbrev  0x00000000000024e1      0x182 ./Drivers/STM32F1xx_HAL_Driver/Src/stm32f1xx_hal_rcc_ex.o
 .debug_abbrev  0x0000000000002663      0x25d ./Drivers/STM32F1xx_HAL_Driver/Src/stm32f1xx_hal_tim.o
 .debug_abbrev  0x00000000000028c0      0x265 ./Drivers/STM32F1xx_HAL_Driver/Src/stm32f1xx_hal_tim_ex.o
 .debug_abbrev  0x0000000000002b25      0x1cd ./Drivers/STM32F1xx_HAL_Driver/Src/stm32f1xx_ll_usb.o
 .debug_abbrev  0x0000000000002cf2      0x261 ./Middlewares/ST/STM32_USB_Device_Library/Class/CustomHID/Src/usbd_customhid.o
 .debug_abbrev  0x0000000000002f53      0x236 ./Middlewares/ST/STM32_USB_Device_Library/Core/Src/usbd_core.o
 .debug_abbrev  0x0000000000003189      0x257 ./Middlewares/ST/STM32_USB_Device_Library/Core/Src/usbd_ctlreq.o
 .debug_abbrev  0x00000000000033e0      0x183 ./Middlewares/ST/STM32_USB_Device_Library/Core/Src/usbd_ioreq.o
 .debug_abbrev  0x0000000000003563      0x183 ./USB_DEVICE/App/usb_device.o
 .debug_abbrev  0x00000000000036e6      0x1bc ./USB_DEVICE/App/usbd_custom_hid_if.o
 .debug_abbrev  0x00000000000038a2      0x1fa ./USB_DEVICE/App/usbd_desc.o
 .debug_abbrev  0x0000000000003a9c      0x305 ./USB_DEVICE/Target/usbd_conf.o

.debug_aranges  0x0000000000000000     0x12f8
 .debug_aranges
                0x0000000000000000       0x28 ./Core/Src/App/app.o
 .debug_aranges
                0x0000000000000028       0x30 ./Core/Src/App/backlight.o
 .debug_aranges
                0x0000000000000058       0x38 ./Core/Src/App/buttons.o
 .debug_aranges
                0x0000000000000090       0x28 ./Core/Src/App/interrupts.o
 .debug_aranges
                0x00000000000000b8       0x40 ./Core/Src/App/resistors.o
 .debug_aranges
                0x00000000000000f8       0x40 ./Core/Src/App/usb.o
 .debug_aranges
                0x0000000000000138       0x50 ./Core/Src/main.o
 .debug_aranges
                0x0000000000000188       0x48 ./Core/Src/stm32f1xx_hal_msp.o
 .debug_aranges
                0x00000000000001d0       0x88 ./Core/Src/stm32f1xx_it.o
 .debug_aranges
                0x0000000000000258       0x28 ./Core/Src/system_stm32f1xx.o
 .debug_aranges
                0x0000000000000280       0x28 ./Core/Startup/startup_stm32f103c8tx.o
 .debug_aranges
                0x00000000000002a8       0xe0 ./Drivers/STM32F1xx_HAL_Driver/Src/stm32f1xx_hal.o
 .debug_aranges
                0x0000000000000388       0xf0 ./Drivers/STM32F1xx_HAL_Driver/Src/stm32f1xx_hal_adc.o
 .debug_aranges
                0x0000000000000478       0x80 ./Drivers/STM32F1xx_HAL_Driver/Src/stm32f1xx_hal_adc_ex.o
 .debug_aranges
                0x00000000000004f8      0x100 ./Drivers/STM32F1xx_HAL_Driver/Src/stm32f1xx_hal_cortex.o
 .debug_aranges
                0x00000000000005f8       0x80 ./Drivers/STM32F1xx_HAL_Driver/Src/stm32f1xx_hal_dma.o
 .debug_aranges
                0x0000000000000678       0x58 ./Drivers/STM32F1xx_HAL_Driver/Src/stm32f1xx_hal_gpio.o
 .debug_aranges
                0x00000000000006d0      0x138 ./Drivers/STM32F1xx_HAL_Driver/Src/stm32f1xx_hal_pcd.o
 .debug_aranges
                0x0000000000000808       0x38 ./Drivers/STM32F1xx_HAL_Driver/Src/stm32f1xx_hal_pcd_ex.o
 .debug_aranges
                0x0000000000000840       0x90 ./Drivers/STM32F1xx_HAL_Driver/Src/stm32f1xx_hal_rcc.o
 .debug_aranges
                0x00000000000008d0       0x30 ./Drivers/STM32F1xx_HAL_Driver/Src/stm32f1xx_hal_rcc_ex.o
 .debug_aranges
                0x0000000000000900      0x3d0 ./Drivers/STM32F1xx_HAL_Driver/Src/stm32f1xx_hal_tim.o
 .debug_aranges
                0x0000000000000cd0      0x168 ./Drivers/STM32F1xx_HAL_Driver/Src/stm32f1xx_hal_tim_ex.o
 .debug_aranges
                0x0000000000000e38       0xf0 ./Drivers/STM32F1xx_HAL_Driver/Src/stm32f1xx_ll_usb.o
 .debug_aranges
                0x0000000000000f28       0x78 ./Middlewares/ST/STM32_USB_Device_Library/Class/CustomHID/Src/usbd_customhid.o
 .debug_aranges
                0x0000000000000fa0       0xb8 ./Middlewares/ST/STM32_USB_Device_Library/Core/Src/usbd_core.o
 .debug_aranges
                0x0000000000001058       0x88 ./Middlewares/ST/STM32_USB_Device_Library/Core/Src/usbd_ctlreq.o
 .debug_aranges
                0x00000000000010e0       0x50 ./Middlewares/ST/STM32_USB_Device_Library/Core/Src/usbd_ioreq.o
 .debug_aranges
                0x0000000000001130       0x20 ./USB_DEVICE/App/usb_device.o
 .debug_aranges
                0x0000000000001150       0x30 ./USB_DEVICE/App/usbd_custom_hid_if.o
 .debug_aranges
                0x0000000000001180       0x60 ./USB_DEVICE/App/usbd_desc.o
 .debug_aranges
                0x00000000000011e0      0x118 ./USB_DEVICE/Target/usbd_conf.o

.debug_ranges   0x0000000000000000     0x1100
 .debug_ranges  0x0000000000000000       0x18 ./Core/Src/App/app.o
 .debug_ranges  0x0000000000000018       0x20 ./Core/Src/App/backlight.o
 .debug_ranges  0x0000000000000038       0x28 ./Core/Src/App/buttons.o
 .debug_ranges  0x0000000000000060       0x18 ./Core/Src/App/interrupts.o
 .debug_ranges  0x0000000000000078       0x30 ./Core/Src/App/resistors.o
 .debug_ranges  0x00000000000000a8       0x30 ./Core/Src/App/usb.o
 .debug_ranges  0x00000000000000d8       0x40 ./Core/Src/main.o
 .debug_ranges  0x0000000000000118       0x38 ./Core/Src/stm32f1xx_hal_msp.o
 .debug_ranges  0x0000000000000150       0x78 ./Core/Src/stm32f1xx_it.o
 .debug_ranges  0x00000000000001c8       0x18 ./Core/Src/system_stm32f1xx.o
 .debug_ranges  0x00000000000001e0       0x20 ./Core/Startup/startup_stm32f103c8tx.o
 .debug_ranges  0x0000000000000200       0xd0 ./Drivers/STM32F1xx_HAL_Driver/Src/stm32f1xx_hal.o
 .debug_ranges  0x00000000000002d0       0xe0 ./Drivers/STM32F1xx_HAL_Driver/Src/stm32f1xx_hal_adc.o
 .debug_ranges  0x00000000000003b0       0x70 ./Drivers/STM32F1xx_HAL_Driver/Src/stm32f1xx_hal_adc_ex.o
 .debug_ranges  0x0000000000000420       0xf0 ./Drivers/STM32F1xx_HAL_Driver/Src/stm32f1xx_hal_cortex.o
 .debug_ranges  0x0000000000000510       0x70 ./Drivers/STM32F1xx_HAL_Driver/Src/stm32f1xx_hal_dma.o
 .debug_ranges  0x0000000000000580       0x48 ./Drivers/STM32F1xx_HAL_Driver/Src/stm32f1xx_hal_gpio.o
 .debug_ranges  0x00000000000005c8      0x128 ./Drivers/STM32F1xx_HAL_Driver/Src/stm32f1xx_hal_pcd.o
 .debug_ranges  0x00000000000006f0       0x28 ./Drivers/STM32F1xx_HAL_Driver/Src/stm32f1xx_hal_pcd_ex.o
 .debug_ranges  0x0000000000000718       0x80 ./Drivers/STM32F1xx_HAL_Driver/Src/stm32f1xx_hal_rcc.o
 .debug_ranges  0x0000000000000798       0x20 ./Drivers/STM32F1xx_HAL_Driver/Src/stm32f1xx_hal_rcc_ex.o
 .debug_ranges  0x00000000000007b8      0x3c0 ./Drivers/STM32F1xx_HAL_Driver/Src/stm32f1xx_hal_tim.o
 .debug_ranges  0x0000000000000b78      0x158 ./Drivers/STM32F1xx_HAL_Driver/Src/stm32f1xx_hal_tim_ex.o
 .debug_ranges  0x0000000000000cd0       0xe0 ./Drivers/STM32F1xx_HAL_Driver/Src/stm32f1xx_ll_usb.o
 .debug_ranges  0x0000000000000db0       0x68 ./Middlewares/ST/STM32_USB_Device_Library/Class/CustomHID/Src/usbd_customhid.o
 .debug_ranges  0x0000000000000e18       0xa8 ./Middlewares/ST/STM32_USB_Device_Library/Core/Src/usbd_core.o
 .debug_ranges  0x0000000000000ec0       0x78 ./Middlewares/ST/STM32_USB_Device_Library/Core/Src/usbd_ctlreq.o
 .debug_ranges  0x0000000000000f38       0x40 ./Middlewares/ST/STM32_USB_Device_Library/Core/Src/usbd_ioreq.o
 .debug_ranges  0x0000000000000f78       0x10 ./USB_DEVICE/App/usb_device.o
 .debug_ranges  0x0000000000000f88       0x20 ./USB_DEVICE/App/usbd_custom_hid_if.o
 .debug_ranges  0x0000000000000fa8       0x50 ./USB_DEVICE/App/usbd_desc.o
 .debug_ranges  0x0000000000000ff8      0x108 ./USB_DEVICE/Target/usbd_conf.o

.debug_macro    0x0000000000000000    0x1bf2b
 .debug_macro   0x0000000000000000      0x1fa ./Core/Src/App/app.o
 .debug_macro   0x00000000000001fa      0xa6c ./Core/Src/App/app.o
 .debug_macro   0x0000000000000c66      0x227 ./Core/Src/App/app.o
 .debug_macro   0x0000000000000e8d       0x2e ./Core/Src/App/app.o
 .debug_macro   0x0000000000000ebb       0x22 ./Core/Src/App/app.o
 .debug_macro   0x0000000000000edd       0x22 ./Core/Src/App/app.o
 .debug_macro   0x0000000000000eff       0x8e ./Core/Src/App/app.o
 .debug_macro   0x0000000000000f8d       0x51 ./Core/Src/App/app.o
 .debug_macro   0x0000000000000fde      0x103 ./Core/Src/App/app.o
 .debug_macro   0x00000000000010e1       0x6a ./Core/Src/App/app.o
 .debug_macro   0x000000000000114b      0x1df ./Core/Src/App/app.o
 .debug_macro   0x000000000000132a       0x1c ./Core/Src/App/app.o
 .debug_macro   0x0000000000001346       0x22 ./Core/Src/App/app.o
 .debug_macro   0x0000000000001368       0xbd ./Core/Src/App/app.o
 .debug_macro   0x0000000000001425      0xd23 ./Core/Src/App/app.o
 .debug_macro   0x0000000000002148     0xe09e ./Core/Src/App/app.o
 .debug_macro   0x00000000000101e6       0x6d ./Core/Src/App/app.o
 .debug_macro   0x0000000000010253     0x3468 ./Core/Src/App/app.o
 .debug_macro   0x00000000000136bb      0x174 ./Core/Src/App/app.o
 .debug_macro   0x000000000001382f       0x5c ./Core/Src/App/app.o
 .debug_macro   0x000000000001388b      0x5be ./Core/Src/App/app.o
 .debug_macro   0x0000000000013e49      0x289 ./Core/Src/App/app.o
 .debug_macro   0x00000000000140d2      0x1cb ./Core/Src/App/app.o
 .debug_macro   0x000000000001429d      0x114 ./Core/Src/App/app.o
 .debug_macro   0x00000000000143b1      0x1b2 ./Core/Src/App/app.o
 .debug_macro   0x0000000000014563       0x27 ./Core/Src/App/app.o
 .debug_macro   0x000000000001458a      0x136 ./Core/Src/App/app.o
 .debug_macro   0x00000000000146c0      0x1bc ./Core/Src/App/app.o
 .debug_macro   0x000000000001487c       0x34 ./Core/Src/App/app.o
 .debug_macro   0x00000000000148b0       0x3c ./Core/Src/App/app.o
 .debug_macro   0x00000000000148ec       0x57 ./Core/Src/App/app.o
 .debug_macro   0x0000000000014943      0x46a ./Core/Src/App/app.o
 .debug_macro   0x0000000000014dad      0x1b5 ./Core/Src/App/app.o
 .debug_macro   0x0000000000014f62       0x88 ./Core/Src/App/app.o
 .debug_macro   0x0000000000014fea      0x241 ./Core/Src/App/app.o
 .debug_macro   0x000000000001522b      0x141 ./Core/Src/App/app.o
 .debug_macro   0x000000000001536c      0x8d1 ./Core/Src/App/app.o
 .debug_macro   0x0000000000015c3d       0x65 ./Core/Src/App/app.o
 .debug_macro   0x0000000000015ca2      0x249 ./Core/Src/App/app.o
 .debug_macro   0x0000000000015eeb       0x83 ./Core/Src/App/app.o
 .debug_macro   0x0000000000015f6e       0x4c ./Core/Src/App/app.o
 .debug_macro   0x0000000000015fba      0x1e4 ./Core/Src/App/backlight.o
 .debug_macro   0x000000000001619e      0x1ea ./Core/Src/App/buttons.o
 .debug_macro   0x0000000000016388      0x1ee ./Core/Src/App/interrupts.o
 .debug_macro   0x0000000000016576      0x1e4 ./Core/Src/App/resistors.o
 .debug_macro   0x000000000001675a      0x406 ./Core/Src/App/usb.o
 .debug_macro   0x0000000000016b60       0x52 ./Core/Src/App/usb.o
 .debug_macro   0x0000000000016bb2       0x18 ./Core/Src/App/usb.o
 .debug_macro   0x0000000000016bca       0x3c ./Core/Src/App/usb.o
 .debug_macro   0x0000000000016c06       0x34 ./Core/Src/App/usb.o
 .debug_macro   0x0000000000016c3a       0x16 ./Core/Src/App/usb.o
 .debug_macro   0x0000000000016c50       0x35 ./Core/Src/App/usb.o
 .debug_macro   0x0000000000016c85      0x341 ./Core/Src/App/usb.o
 .debug_macro   0x0000000000016fc6       0x10 ./Core/Src/App/usb.o
 .debug_macro   0x0000000000016fd6       0x16 ./Core/Src/App/usb.o
 .debug_macro   0x0000000000016fec       0x43 ./Core/Src/App/usb.o
 .debug_macro   0x000000000001702f       0x34 ./Core/Src/App/usb.o
 .debug_macro   0x0000000000017063       0x10 ./Core/Src/App/usb.o
 .debug_macro   0x0000000000017073       0x58 ./Core/Src/App/usb.o
 .debug_macro   0x00000000000170cb       0x71 ./Core/Src/App/usb.o
 .debug_macro   0x000000000001713c       0x1c ./Core/Src/App/usb.o
 .debug_macro   0x0000000000017158      0x12a ./Core/Src/App/usb.o
 .debug_macro   0x0000000000017282       0x10 ./Core/Src/App/usb.o
 .debug_macro   0x0000000000017292       0x1c ./Core/Src/App/usb.o
 .debug_macro   0x00000000000172ae       0x52 ./Core/Src/App/usb.o
 .debug_macro   0x0000000000017300       0x22 ./Core/Src/App/usb.o
 .debug_macro   0x0000000000017322       0x10 ./Core/Src/App/usb.o
 .debug_macro   0x0000000000017332       0x52 ./Core/Src/App/usb.o
 .debug_macro   0x0000000000017384       0xd5 ./Core/Src/App/usb.o
 .debug_macro   0x0000000000017459       0x1c ./Core/Src/App/usb.o
 .debug_macro   0x0000000000017475       0x3d ./Core/Src/App/usb.o
 .debug_macro   0x00000000000174b2       0x16 ./Core/Src/App/usb.o
 .debug_macro   0x00000000000174c8      0x145 ./Core/Src/App/usb.o
 .debug_macro   0x000000000001760d       0x16 ./Core/Src/App/usb.o
 .debug_macro   0x0000000000017623       0x16 ./Core/Src/App/usb.o
 .debug_macro   0x0000000000017639       0x29 ./Core/Src/App/usb.o
 .debug_macro   0x0000000000017662       0x16 ./Core/Src/App/usb.o
 .debug_macro   0x0000000000017678       0x20 ./Core/Src/App/usb.o
 .debug_macro   0x0000000000017698       0x6c ./Core/Src/App/usb.o
 .debug_macro   0x0000000000017704      0x1c8 ./Core/Src/App/usb.o
 .debug_macro   0x00000000000178cc       0x65 ./Core/Src/App/usb.o
 .debug_macro   0x0000000000017931      0x3cf ./Core/Src/main.o
 .debug_macro   0x0000000000017d00      0x1e0 ./Core/Src/stm32f1xx_hal_msp.o
 .debug_macro   0x0000000000017ee0      0x1ea ./Core/Src/stm32f1xx_it.o
 .debug_macro   0x00000000000180ca      0x1d7 ./Core/Src/system_stm32f1xx.o
 .debug_macro   0x00000000000182a1      0x1f5 ./Drivers/STM32F1xx_HAL_Driver/Src/stm32f1xx_hal.o
 .debug_macro   0x0000000000018496      0x1ee ./Drivers/STM32F1xx_HAL_Driver/Src/stm32f1xx_hal_adc.o
 .debug_macro   0x0000000000018684      0x1e3 ./Drivers/STM32F1xx_HAL_Driver/Src/stm32f1xx_hal_adc_ex.o
 .debug_macro   0x0000000000018867      0x1d1 ./Drivers/STM32F1xx_HAL_Driver/Src/stm32f1xx_hal_cortex.o
 .debug_macro   0x0000000000018a38      0x1d1 ./Drivers/STM32F1xx_HAL_Driver/Src/stm32f1xx_hal_dma.o
 .debug_macro   0x0000000000018c09      0x23c ./Drivers/STM32F1xx_HAL_Driver/Src/stm32f1xx_hal_gpio.o
 .debug_macro   0x0000000000018e45      0x1dd ./Drivers/STM32F1xx_HAL_Driver/Src/stm32f1xx_hal_pcd.o
 .debug_macro   0x0000000000019022      0x1d1 ./Drivers/STM32F1xx_HAL_Driver/Src/stm32f1xx_hal_pcd_ex.o
 .debug_macro   0x00000000000191f3      0x1e3 ./Drivers/STM32F1xx_HAL_Driver/Src/stm32f1xx_hal_rcc.o
 .debug_macro   0x00000000000193d6      0x1d1 ./Drivers/STM32F1xx_HAL_Driver/Src/stm32f1xx_hal_rcc_ex.o
 .debug_macro   0x00000000000195a7      0x1d2 ./Drivers/STM32F1xx_HAL_Driver/Src/stm32f1xx_hal_tim.o
 .debug_macro   0x0000000000019779      0x1d1 ./Drivers/STM32F1xx_HAL_Driver/Src/stm32f1xx_hal_tim_ex.o
 .debug_macro   0x000000000001994a      0x1d1 ./Drivers/STM32F1xx_HAL_Driver/Src/stm32f1xx_ll_usb.o